Archive member included to satisfy reference by file (symbol)

/opt/homebrew/Cellar/arm-none-eabi-gcc/10.3-2021.07/gcc/bin/../lib/gcc/arm-none-eabi/10.3.1/thumb/v6-m/nofp/libgcc.a(_dvmd_tls.o)
                              CMakeFiles/picoprobe.dir/Users/marcelochsendorf/Downloads/WordClock/src/base/pico-sdk/src/rp2_common/pico_divider/divider.S.obj (__aeabi_idiv0)
/opt/homebrew/Cellar/arm-none-eabi-gcc/10.3-2021.07/gcc/bin/../lib/gcc/arm-none-eabi/10.3.1/../../../../arm-none-eabi/lib/thumb/v6-m/nofp/libc.a(lib_a-calloc.o)
                              CMakeFiles/picoprobe.dir/Users/marcelochsendorf/Downloads/WordClock/src/base/pico-sdk/src/rp2_common/pico_malloc/pico_malloc.c.obj (calloc)
/opt/homebrew/Cellar/arm-none-eabi-gcc/10.3-2021.07/gcc/bin/../lib/gcc/arm-none-eabi/10.3.1/../../../../arm-none-eabi/lib/thumb/v6-m/nofp/libc.a(lib_a-callocr.o)
                              /opt/homebrew/Cellar/arm-none-eabi-gcc/10.3-2021.07/gcc/bin/../lib/gcc/arm-none-eabi/10.3.1/../../../../arm-none-eabi/lib/thumb/v6-m/nofp/libc.a(lib_a-calloc.o) (_calloc_r)
/opt/homebrew/Cellar/arm-none-eabi-gcc/10.3-2021.07/gcc/bin/../lib/gcc/arm-none-eabi/10.3.1/../../../../arm-none-eabi/lib/thumb/v6-m/nofp/libc.a(lib_a-errno.o)
                              /opt/homebrew/Cellar/arm-none-eabi-gcc/10.3-2021.07/gcc/bin/../lib/gcc/arm-none-eabi/10.3.1/../../../../arm-none-eabi/lib/thumb/v6-m/nofp/libc.a(lib_a-callocr.o) (__errno)
/opt/homebrew/Cellar/arm-none-eabi-gcc/10.3-2021.07/gcc/bin/../lib/gcc/arm-none-eabi/10.3.1/../../../../arm-none-eabi/lib/thumb/v6-m/nofp/libc.a(lib_a-impure.o)
                              /opt/homebrew/Cellar/arm-none-eabi-gcc/10.3-2021.07/gcc/bin/../lib/gcc/arm-none-eabi/10.3.1/../../../../arm-none-eabi/lib/thumb/v6-m/nofp/libc.a(lib_a-calloc.o) (_impure_ptr)
/opt/homebrew/Cellar/arm-none-eabi-gcc/10.3-2021.07/gcc/bin/../lib/gcc/arm-none-eabi/10.3.1/../../../../arm-none-eabi/lib/thumb/v6-m/nofp/libc.a(lib_a-init.o)
                              /opt/homebrew/Cellar/arm-none-eabi-gcc/10.3-2021.07/gcc/bin/../lib/gcc/arm-none-eabi/10.3.1/../../../../arm-none-eabi/lib/thumb/v6-m/nofp/crt0.o (__libc_init_array)
/opt/homebrew/Cellar/arm-none-eabi-gcc/10.3-2021.07/gcc/bin/../lib/gcc/arm-none-eabi/10.3.1/../../../../arm-none-eabi/lib/thumb/v6-m/nofp/libc.a(lib_a-malloc.o)
                              CMakeFiles/picoprobe.dir/Users/marcelochsendorf/Downloads/WordClock/src/base/pico-sdk/src/rp2_common/pico_malloc/pico_malloc.c.obj (malloc)
/opt/homebrew/Cellar/arm-none-eabi-gcc/10.3-2021.07/gcc/bin/../lib/gcc/arm-none-eabi/10.3.1/../../../../arm-none-eabi/lib/thumb/v6-m/nofp/libc.a(lib_a-mallocr.o)
                              /opt/homebrew/Cellar/arm-none-eabi-gcc/10.3-2021.07/gcc/bin/../lib/gcc/arm-none-eabi/10.3.1/../../../../arm-none-eabi/lib/thumb/v6-m/nofp/libc.a(lib_a-callocr.o) (_malloc_r)
/opt/homebrew/Cellar/arm-none-eabi-gcc/10.3-2021.07/gcc/bin/../lib/gcc/arm-none-eabi/10.3.1/../../../../arm-none-eabi/lib/thumb/v6-m/nofp/libc.a(lib_a-mlock.o)
                              /opt/homebrew/Cellar/arm-none-eabi-gcc/10.3-2021.07/gcc/bin/../lib/gcc/arm-none-eabi/10.3.1/../../../../arm-none-eabi/lib/thumb/v6-m/nofp/libc.a(lib_a-mallocr.o) (__malloc_lock)
/opt/homebrew/Cellar/arm-none-eabi-gcc/10.3-2021.07/gcc/bin/../lib/gcc/arm-none-eabi/10.3.1/../../../../arm-none-eabi/lib/thumb/v6-m/nofp/libc.a(lib_a-realloc.o)
                              CMakeFiles/picoprobe.dir/Users/marcelochsendorf/Downloads/WordClock/src/base/pico-sdk/src/rp2_common/pico_malloc/pico_malloc.c.obj (realloc)
/opt/homebrew/Cellar/arm-none-eabi-gcc/10.3-2021.07/gcc/bin/../lib/gcc/arm-none-eabi/10.3.1/../../../../arm-none-eabi/lib/thumb/v6-m/nofp/libc.a(lib_a-reallocr.o)
                              /opt/homebrew/Cellar/arm-none-eabi-gcc/10.3-2021.07/gcc/bin/../lib/gcc/arm-none-eabi/10.3.1/../../../../arm-none-eabi/lib/thumb/v6-m/nofp/libc.a(lib_a-realloc.o) (_realloc_r)
/opt/homebrew/Cellar/arm-none-eabi-gcc/10.3-2021.07/gcc/bin/../lib/gcc/arm-none-eabi/10.3.1/../../../../arm-none-eabi/lib/thumb/v6-m/nofp/libc.a(lib_a-sbrkr.o)
                              /opt/homebrew/Cellar/arm-none-eabi-gcc/10.3-2021.07/gcc/bin/../lib/gcc/arm-none-eabi/10.3.1/../../../../arm-none-eabi/lib/thumb/v6-m/nofp/libc.a(lib_a-mallocr.o) (_sbrk_r)
/opt/homebrew/Cellar/arm-none-eabi-gcc/10.3-2021.07/gcc/bin/../lib/gcc/arm-none-eabi/10.3.1/../../../../arm-none-eabi/lib/thumb/v6-m/nofp/libc.a(lib_a-strlen-stub.o)
                              CMakeFiles/picoprobe.dir/src/usb_descriptors.c.obj (strlen)
/opt/homebrew/Cellar/arm-none-eabi-gcc/10.3-2021.07/gcc/bin/../lib/gcc/arm-none-eabi/10.3.1/../../../../arm-none-eabi/lib/thumb/v6-m/nofp/libc.a(lib_a-freer.o)
                              /opt/homebrew/Cellar/arm-none-eabi-gcc/10.3-2021.07/gcc/bin/../lib/gcc/arm-none-eabi/10.3.1/../../../../arm-none-eabi/lib/thumb/v6-m/nofp/libc.a(lib_a-malloc.o) (_free_r)
[...]
Memory Configuration

Name             Origin             Length             Attributes
FLASH            0x0000000010000000 0x0000000000200000 xr
RAM              0x0000000020000000 0x0000000000040000 xrw
SCRATCH_X        0x0000000020040000 0x0000000000001000 xrw
SCRATCH_Y        0x0000000020041000 0x0000000000001000 xrw
*default*        0x0000000000000000 0xffffffffffffffff

Linker script and memory map

LOAD /opt/homebrew/Cellar/arm-none-eabi-gcc/10.3-2021.07/gcc/bin/../lib/gcc/arm-none-eabi/10.3.1/thumb/v6-m/nofp/crti.o
LOAD /opt/homebrew/Cellar/arm-none-eabi-gcc/10.3-2021.07/gcc/bin/../lib/gcc/arm-none-eabi/10.3.1/thumb/v6-m/nofp/crtbegin.o
LOAD /opt/homebrew/Cellar/arm-none-eabi-gcc/10.3-2021.07/gcc/bin/../lib/gcc/arm-none-eabi/10.3.1/../../../../arm-none-eabi/lib/thumb/v6-m/nofp/crt0.o

.flash_begin    0x0000000010000000        0x0
                0x0000000010000000                __flash_binary_start = .

.boot2          0x0000000010000000      0x100
                0x0000000010000000                __boot2_start__ = .
 *(.boot2)
 .boot2         0x0000000010000000      0x100 /var/folders/67/6p4b3q714ks740jc5qnhdcbc0000gn/T//cckMhiRw.o
                0x0000000010000100                __boot2_end__ = .
                0x0000000000000001                ASSERT (((__boot2_end__ - __boot2_start__) == 0x100), ERROR: Pico second stage bootloader must be 256 bytes in size)

.flashtext      0x0000000010000100      0x1e0
                0x0000000010000100                __logical_binary_start = .
 *(.vectors)
 .vectors       0x0000000010000100       0xd4 CMakeFiles/picoprobe.dir/Users/marcelochsendorf/Downloads/WordClock/src/base/pico-sdk/src/rp2_common/pico_standard_link/crt0.S.obj
                0x0000000010000100                __VECTOR_TABLE
                0x0000000010000100                __vectors
                0x00000000100001c0                __default_isrs_start
                0x00000000100001c0                isr_invalid
                0x00000000100001c2                isr_nmi
                0x00000000100001c4                isr_hardfault
                0x00000000100001c6                isr_svcall
                0x00000000100001c8                isr_pendsv
                0x00000000100001ca                isr_systick
                0x00000000100001cc                isr_irq28
                0x00000000100001cc                isr_irq19
                0x00000000100001cc                isr_irq0
                0x00000000100001cc                isr_irq6
                0x00000000100001cc                isr_irq22
                0x00000000100001cc                isr_irq17
                0x00000000100001cc                isr_irq14
                0x00000000100001cc                isr_irq2
                0x00000000100001cc                isr_irq10
                0x00000000100001cc                isr_irq8
                0x00000000100001cc                isr_irq24
                0x00000000100001cc                isr_irq1
                0x00000000100001cc                isr_irq7
                0x00000000100001cc                isr_irq21
                0x00000000100001cc                isr_irq20
                0x00000000100001cc                isr_irq15
                0x00000000100001cc                isr_irq25
                0x00000000100001cc                isr_irq4
                0x00000000100001cc                isr_irq16
                0x00000000100001cc                isr_irq29
                0x00000000100001cc                isr_irq26
                0x00000000100001cc                __default_isrs_end
                0x00000000100001cc                isr_irq3
                0x00000000100001cc                isr_irq9
                0x00000000100001cc                __unhandled_user_irq
                0x00000000100001cc                isr_irq13
                0x00000000100001cc                isr_irq27
                0x00000000100001cc                isr_irq31
                0x00000000100001cc                isr_irq5
                0x00000000100001cc                isr_irq11
                0x00000000100001cc                isr_irq23
                0x00000000100001cc                isr_irq18
                0x00000000100001cc                isr_irq30
                0x00000000100001cc                isr_irq12
                0x00000000100001d2                unhandled_user_irq_num_in_r0
 *(.binary_info_header)
 .binary_info_header
                0x00000000100001d4       0x14 CMakeFiles/picoprobe.dir/Users/marcelochsendorf/Downloads/WordClock/src/base/pico-sdk/src/rp2_common/pico_standard_link/crt0.S.obj
                0x00000000100001e8                __binary_info_header_end = .
 *(.reset)
 .reset         0x00000000100001e8       0xb4 CMakeFiles/picoprobe.dir/Users/marcelochsendorf/Downloads/WordClock/src/base/pico-sdk/src/rp2_common/pico_standard_link/crt0.S.obj
                0x00000000100001e8                _entry_point
                0x0000000010000272                __get_current_exception
 *fill*         0x000000001000029c        0x4 
 .reset.__stub  0x00000000100002a0       0x10 linker stubs
 .reset         0x00000000100002b0       0x30 CMakeFiles/picoprobe.dir/Users/marcelochsendorf/Downloads/WordClock/src/base/pico-sdk/src/rp2_common/pico_standard_link/binary_info.c.obj

.rodata         0x00000000100002e0        0x0
 *(SORT_BY_ALIGNMENT(SORT_BY_NAME(.flashdata*)))
                0x00000000100002e0                . = ALIGN (0x4)

.ARM.extab
 *(.ARM.extab* .gnu.linkonce.armextab.*)
                0x00000000100002e0                __exidx_start = .

.ARM.exidx
 *(.ARM.exidx* .gnu.linkonce.armexidx.*)
                0x00000000100002e0                __exidx_end = .
                0x00000000100002e0                . = ALIGN (0x4)
                0x00000000100002e0                __binary_info_start = .

.binary_info    0x00000000100002e0       0x24
 *(.binary_info.keep.*)
 .binary_info.keep.__bi_ptr22
                0x00000000100002e0        0x4 CMakeFiles/picoprobe.dir/Users/marcelochsendorf/Downloads/WordClock/src/base/pico-sdk/src/rp2_common/pico_standard_link/binary_info.c.obj
 .binary_info.keep.__bi_ptr30
                0x00000000100002e4        0x4 CMakeFiles/picoprobe.dir/Users/marcelochsendorf/Downloads/WordClock/src/base/pico-sdk/src/rp2_common/pico_standard_link/binary_info.c.obj
 .binary_info.keep.__bi_ptr38
                0x00000000100002e8        0x4 CMakeFiles/picoprobe.dir/Users/marcelochsendorf/Downloads/WordClock/src/base/pico-sdk/src/rp2_common/pico_standard_link/binary_info.c.obj
 .binary_info.keep.__bi_ptr44
                0x00000000100002ec        0x4 CMakeFiles/picoprobe.dir/Users/marcelochsendorf/Downloads/WordClock/src/base/pico-sdk/src/rp2_common/pico_standard_link/binary_info.c.obj
 .binary_info.keep.__bi_ptr50
                0x00000000100002f0        0x4 CMakeFiles/picoprobe.dir/Users/marcelochsendorf/Downloads/WordClock/src/base/pico-sdk/src/rp2_common/pico_standard_link/binary_info.c.obj
 .binary_info.keep.__bi_ptr75
                0x00000000100002f4        0x4 CMakeFiles/picoprobe.dir/Users/marcelochsendorf/Downloads/WordClock/src/base/pico-sdk/src/rp2_common/pico_standard_link/binary_info.c.obj
 .binary_info.keep.__bi_ptr81
                0x00000000100002f8        0x4 CMakeFiles/picoprobe.dir/Users/marcelochsendorf/Downloads/WordClock/src/base/pico-sdk/src/rp2_common/pico_standard_link/binary_info.c.obj
 .binary_info.keep.__bi_ptr121
                0x00000000100002fc        0x4 CMakeFiles/picoprobe.dir/Users/marcelochsendorf/Downloads/WordClock/src/base/pico-sdk/lib/tinyusb/hw/bsp/rp2040/family.c.obj
 .binary_info.keep.__bi_ptr131
                0x0000000010000300        0x4 CMakeFiles/picoprobe.dir/Users/marcelochsendorf/Downloads/WordClock/src/base/pico-sdk/lib/tinyusb/hw/bsp/rp2040/family.c.obj
 *(.binary_info.*)
                0x0000000010000304                __binary_info_end = .
                0x0000000010000304                . = ALIGN (0x4)

.ram_vector_table
                0x0000000020000000       0xc0
 *(.ram_vector_table)
 .ram_vector_table
                0x0000000020000000       0xc0 CMakeFiles/picoprobe.dir/Users/marcelochsendorf/Downloads/WordClock/src/base/pico-sdk/src/rp2_common/pico_runtime/runtime.c.obj
                0x0000000020000000                ram_vector_table

.text           0x00000000200000c0     0x8e80 load address 0x0000000010000304
                0x00000000200000c0                __ram_text_start__ = .
 *(.init)
 .init          0x00000000200000c0        0x4 /opt/homebrew/Cellar/arm-none-eabi-gcc/10.3-2021.07/gcc/bin/../lib/gcc/arm-none-eabi/10.3.1/thumb/v6-m/nofp/crti.o
                0x00000000200000c0                _init
 *(.text*)
 .text          0x00000000200000c4       0x48 /opt/homebrew/Cellar/arm-none-eabi-gcc/10.3-2021.07/gcc/bin/../lib/gcc/arm-none-eabi/10.3.1/thumb/v6-m/nofp/crtbegin.o
 .text.led_init
                0x000000002000010c       0x20 CMakeFiles/picoprobe.dir/src/led.c.obj
                0x000000002000010c                led_init
 .text.usb_thread
                0x000000002000012c       0x10 CMakeFiles/picoprobe.dir/src/main.c.obj
                0x000000002000012c                usb_thread
 .text.dap_thread
                0x000000002000013c       0x48 CMakeFiles/picoprobe.dir/src/main.c.obj
                0x000000002000013c                dap_thread
 .text.startup.main
                0x0000000020000184       0x8c CMakeFiles/picoprobe.dir/src/main.c.obj
                0x0000000020000184                main
 .text.tud_hid_get_report_cb
                0x0000000020000210        0x4 CMakeFiles/picoprobe.dir/src/main.c.obj
                0x0000000020000210                tud_hid_get_report_cb
 .text.tud_hid_set_report_cb
                0x0000000020000214       0x2c CMakeFiles/picoprobe.dir/src/main.c.obj
                0x0000000020000214                tud_hid_set_report_cb
 .text.tud_vendor_control_xfer_cb
                0x0000000020000240       0x58 CMakeFiles/picoprobe.dir/src/main.c.obj
                0x0000000020000240                tud_vendor_control_xfer_cb
 .text.vApplicationTickHook
                0x0000000020000298        0x4 CMakeFiles/picoprobe.dir/src/main.c.obj
                0x0000000020000298                vApplicationTickHook
 .text.vApplicationStackOverflowHook
                0x000000002000029c       0x10 CMakeFiles/picoprobe.dir/src/main.c.obj
                0x000000002000029c                vApplicationStackOverflowHook
 .text.vApplicationMallocFailedHook
                0x00000000200002ac        0xc CMakeFiles/picoprobe.dir/src/main.c.obj
                0x00000000200002ac                vApplicationMallocFailedHook
 .text.tud_descriptor_device_cb
                0x00000000200002b8        0x8 CMakeFiles/picoprobe.dir/src/usb_descriptors.c.obj
                0x00000000200002b8                tud_descriptor_device_cb
 .text.tud_hid_descriptor_report_cb
                0x00000000200002c0        0x8 CMakeFiles/picoprobe.dir/src/usb_descriptors.c.obj
                0x00000000200002c0                tud_hid_descriptor_report_cb
 .text.tud_descriptor_configuration_cb
                0x00000000200002c8        0x8 CMakeFiles/picoprobe.dir/src/usb_descriptors.c.obj
                0x00000000200002c8                tud_descriptor_configuration_cb
 .text.tud_descriptor_string_cb
                0x00000000200002d0       0x80 CMakeFiles/picoprobe.dir/src/usb_descriptors.c.obj
                0x00000000200002d0                tud_descriptor_string_cb
 .text.tud_descriptor_bos_cb
                0x0000000020000350        0x8 CMakeFiles/picoprobe.dir/src/usb_descriptors.c.obj
                0x0000000020000350                tud_descriptor_bos_cb
 .text.probe_set_swclk_freq
                0x0000000020000358       0x28 CMakeFiles/picoprobe.dir/src/probe.c.obj
                0x0000000020000358                probe_set_swclk_freq
 .text.probe_write_bits
                0x0000000020000380       0x34 CMakeFiles/picoprobe.dir/src/probe.c.obj
                0x0000000020000380                probe_write_bits
 .text.probe_read_bits
                0x00000000200003b4       0x34 CMakeFiles/picoprobe.dir/src/probe.c.obj
                0x00000000200003b4                probe_read_bits
 .text.probe_read_mode
                0x00000000200003e8       0x28 CMakeFiles/picoprobe.dir/src/probe.c.obj
                0x00000000200003e8                probe_read_mode
 .text.probe_write_mode
                0x0000000020000410       0x28 CMakeFiles/picoprobe.dir/src/probe.c.obj
                0x0000000020000410                probe_write_mode
 .text.probe_gpio_init
                0x0000000020000438       0x20 CMakeFiles/picoprobe.dir/src/probe.c.obj
                0x0000000020000438                probe_gpio_init
 .text.probe_init
                0x0000000020000458       0xf0 CMakeFiles/picoprobe.dir/src/probe.c.obj
                0x0000000020000458                probe_init
 .text.probe_deinit
                0x0000000020000548       0x54 CMakeFiles/picoprobe.dir/src/probe.c.obj
                0x0000000020000548                probe_deinit
 .text.cdc_uart_init
                0x000000002000059c       0x38 CMakeFiles/picoprobe.dir/src/cdc_uart.c.obj
                0x000000002000059c                cdc_uart_init
 .text.cdc_task
                0x00000000200005d4       0xd8 CMakeFiles/picoprobe.dir/src/cdc_uart.c.obj
                0x00000000200005d4                cdc_task
 .text.cdc_thread
                0x00000000200006ac       0x2c CMakeFiles/picoprobe.dir/src/cdc_uart.c.obj
                0x00000000200006ac                cdc_thread
 .text.tud_cdc_line_coding_cb
                0x00000000200006d8       0x84 CMakeFiles/picoprobe.dir/src/cdc_uart.c.obj
                0x00000000200006d8                tud_cdc_line_coding_cb
 .text.tud_cdc_line_state_cb
                0x000000002000075c       0x20 CMakeFiles/picoprobe.dir/src/cdc_uart.c.obj
                0x000000002000075c                tud_cdc_line_state_cb
 .text.usb_serial_init
                0x000000002000077c      0x1e8 CMakeFiles/picoprobe.dir/src/get_serial.c.obj
                0x000000002000077c                usb_serial_init
 .text.SWJ_Sequence
                0x0000000020000964       0x58 CMakeFiles/picoprobe.dir/src/sw_dp_pio.c.obj
                0x0000000020000964                SWJ_Sequence
 .text.SWD_Sequence
                0x00000000200009bc       0x8c CMakeFiles/picoprobe.dir/src/sw_dp_pio.c.obj
                0x00000000200009bc                SWD_Sequence
 .text.SWD_Transfer
                0x0000000020000a48      0x1b8 CMakeFiles/picoprobe.dir/src/sw_dp_pio.c.obj
                0x0000000020000a48                SWD_Transfer
 .text.DAP_ProcessCommand
                0x0000000020000c00      0xba0 CMakeFiles/picoprobe.dir/CMSIS_5/CMSIS/DAP/Firmware/Source/DAP.c.obj
                0x0000000020000c00                DAP_ProcessCommand
 .text.DAP_Setup
                0x00000000200017a0       0x24 CMakeFiles/picoprobe.dir/CMSIS_5/CMSIS/DAP/Firmware/Source/DAP.c.obj
                0x00000000200017a0                DAP_Setup
 .text.DAP_ProcessVendorCommand
                0x00000000200017c4        0xc CMakeFiles/picoprobe.dir/CMSIS_5/CMSIS/DAP/Firmware/Source/DAP_vendor.c.obj
                0x00000000200017c4                DAP_ProcessVendorCommand
 .text.lock_init
                0x00000000200017d0       0x10 CMakeFiles/picoprobe.dir/Users/marcelochsendorf/Downloads/WordClock/src/base/pico-sdk/src/common/pico_sync/lock_core.c.obj
                0x00000000200017d0                lock_init
 .text.spin_locks_reset
                0x00000000200017e0       0x1c CMakeFiles/picoprobe.dir/Users/marcelochsendorf/Downloads/WordClock/src/base/pico-sdk/src/rp2_common/hardware_sync/sync.c.obj
                0x00000000200017e0                spin_locks_reset
 .text.next_striped_spin_lock_num
                0x00000000200017fc       0x18 CMakeFiles/picoprobe.dir/Users/marcelochsendorf/Downloads/WordClock/src/base/pico-sdk/src/rp2_common/hardware_sync/sync.c.obj
                0x00000000200017fc                next_striped_spin_lock_num
 .text.spin_lock_claim_unused
                0x0000000020001814       0x20 CMakeFiles/picoprobe.dir/Users/marcelochsendorf/Downloads/WordClock/src/base/pico-sdk/src/rp2_common/hardware_sync/sync.c.obj
                0x0000000020001814                spin_lock_claim_unused
 .text.hw_claim_lock
                0x0000000020001834       0x18 CMakeFiles/picoprobe.dir/Users/marcelochsendorf/Downloads/WordClock/src/base/pico-sdk/src/rp2_common/hardware_claim/claim.c.obj
                0x0000000020001834                hw_claim_lock
 .text.hw_claim_unlock
                0x000000002000184c       0x14 CMakeFiles/picoprobe.dir/Users/marcelochsendorf/Downloads/WordClock/src/base/pico-sdk/src/rp2_common/hardware_claim/claim.c.obj
                0x000000002000184c                hw_claim_unlock
 .text.hw_claim_or_assert
                0x0000000020001860       0x44 CMakeFiles/picoprobe.dir/Users/marcelochsendorf/Downloads/WordClock/src/base/pico-sdk/src/rp2_common/hardware_claim/claim.c.obj
                0x0000000020001860                hw_claim_or_assert
 .text.hw_claim_unused_from_range
                0x00000000200018a4       0x9c CMakeFiles/picoprobe.dir/Users/marcelochsendorf/Downloads/WordClock/src/base/pico-sdk/src/rp2_common/hardware_claim/claim.c.obj
                0x00000000200018a4                hw_claim_unused_from_range
 .text.running_on_fpga
                0x0000000020001940       0x10 CMakeFiles/picoprobe.dir/Users/marcelochsendorf/Downloads/WordClock/src/base/pico-sdk/src/rp2_common/pico_platform/platform.c.obj
                0x0000000020001940                running_on_fpga
 .text.rp2040_chip_version
                0x0000000020001950        0xc CMakeFiles/picoprobe.dir/Users/marcelochsendorf/Downloads/WordClock/src/base/pico-sdk/src/rp2_common/pico_platform/platform.c.obj
                0x0000000020001950                rp2040_chip_version
 .text.timer_pool_entry_comparator
                0x000000002000195c       0x34 CMakeFiles/picoprobe.dir/Users/marcelochsendorf/Downloads/WordClock/src/base/pico-sdk/src/common/pico_time/time.c.obj
                0x000000002000195c                timer_pool_entry_comparator
 .text.sleep_until_callback
                0x0000000020001990       0x24 CMakeFiles/picoprobe.dir/Users/marcelochsendorf/Downloads/WordClock/src/base/pico-sdk/src/common/pico_time/time.c.obj
 .text.add_alarm_under_lock.isra.0
                0x00000000200019b4      0x100 CMakeFiles/picoprobe.dir/Users/marcelochsendorf/Downloads/WordClock/src/base/pico-sdk/src/common/pico_time/time.c.obj
 .text.alarm_pool_alarm_callback
                0x0000000020001ab4      0x1c8 CMakeFiles/picoprobe.dir/Users/marcelochsendorf/Downloads/WordClock/src/base/pico-sdk/src/common/pico_time/time.c.obj
 .text.alarm_pool_add_alarm_at.constprop.0
                0x0000000020001c7c      0x11c CMakeFiles/picoprobe.dir/Users/marcelochsendorf/Downloads/WordClock/src/base/pico-sdk/src/common/pico_time/time.c.obj
 .text.alarm_pool_init_default
                0x0000000020001d98       0x64 CMakeFiles/picoprobe.dir/Users/marcelochsendorf/Downloads/WordClock/src/base/pico-sdk/src/common/pico_time/time.c.obj
                0x0000000020001d98                alarm_pool_init_default
 .text.alarm_pool_get_default
                0x0000000020001dfc        0x8 CMakeFiles/picoprobe.dir/Users/marcelochsendorf/Downloads/WordClock/src/base/pico-sdk/src/common/pico_time/time.c.obj
                0x0000000020001dfc                alarm_pool_get_default
 .text.alarm_pool_add_alarm_at
                0x0000000020001e04      0x194 CMakeFiles/picoprobe.dir/Users/marcelochsendorf/Downloads/WordClock/src/base/pico-sdk/src/common/pico_time/time.c.obj
                0x0000000020001e04                alarm_pool_add_alarm_at
 .text.best_effort_wfe_or_timeout
                0x0000000020001f98       0xd4 CMakeFiles/picoprobe.dir/Users/marcelochsendorf/Downloads/WordClock/src/base/pico-sdk/src/common/pico_time/time.c.obj
                0x0000000020001f98                best_effort_wfe_or_timeout
 .text.hardware_alarm_irq_handler
                0x000000002000206c       0xb8 CMakeFiles/picoprobe.dir/Users/marcelochsendorf/Downloads/WordClock/src/base/pico-sdk/src/rp2_common/hardware_timer/timer.c.obj
 .text.hardware_alarm_claim
                0x0000000020002124       0x18 CMakeFiles/picoprobe.dir/Users/marcelochsendorf/Downloads/WordClock/src/base/pico-sdk/src/rp2_common/hardware_timer/timer.c.obj
                0x0000000020002124                hardware_alarm_claim
 .text.time_us_64
                0x000000002000213c       0x14 CMakeFiles/picoprobe.dir/Users/marcelochsendorf/Downloads/WordClock/src/base/pico-sdk/src/rp2_common/hardware_timer/timer.c.obj
                0x000000002000213c                time_us_64
 .text.busy_wait_us
                0x0000000020002150       0x54 CMakeFiles/picoprobe.dir/Users/marcelochsendorf/Downloads/WordClock/src/base/pico-sdk/src/rp2_common/hardware_timer/timer.c.obj
                0x0000000020002150                busy_wait_us
 .text.hardware_alarm_set_callback
                0x00000000200021a4       0x8c CMakeFiles/picoprobe.dir/Users/marcelochsendorf/Downloads/WordClock/src/base/pico-sdk/src/rp2_common/hardware_timer/timer.c.obj
                0x00000000200021a4                hardware_alarm_set_callback
 .text.hardware_alarm_set_target
                0x0000000020002230       0xe0 CMakeFiles/picoprobe.dir/Users/marcelochsendorf/Downloads/WordClock/src/base/pico-sdk/src/rp2_common/hardware_timer/timer.c.obj
                0x0000000020002230                hardware_alarm_set_target
 .text.hardware_alarm_cancel
                0x0000000020002310       0x3c CMakeFiles/picoprobe.dir/Users/marcelochsendorf/Downloads/WordClock/src/base/pico-sdk/src/rp2_common/hardware_timer/timer.c.obj
                0x0000000020002310                hardware_alarm_cancel
 .text.ph_merge_nodes
                0x000000002000234c       0x68 CMakeFiles/picoprobe.dir/Users/marcelochsendorf/Downloads/WordClock/src/base/pico-sdk/src/common/pico_util/pheap.c.obj
 .text.ph_post_alloc_init
                0x00000000200023b4       0x3c CMakeFiles/picoprobe.dir/Users/marcelochsendorf/Downloads/WordClock/src/base/pico-sdk/src/common/pico_util/pheap.c.obj
                0x00000000200023b4                ph_post_alloc_init
 .text.ph_merge_two_pass
                0x00000000200023f0       0x90 CMakeFiles/picoprobe.dir/Users/marcelochsendorf/Downloads/WordClock/src/base/pico-sdk/src/common/pico_util/pheap.c.obj
                0x00000000200023f0                ph_merge_two_pass
 .text.ph_remove_any_head
                0x0000000020002480       0xf8 CMakeFiles/picoprobe.dir/Users/marcelochsendorf/Downloads/WordClock/src/base/pico-sdk/src/common/pico_util/pheap.c.obj
 .text.ph_remove_head
                0x0000000020002578       0xfc CMakeFiles/picoprobe.dir/Users/marcelochsendorf/Downloads/WordClock/src/base/pico-sdk/src/common/pico_util/pheap.c.obj
                0x0000000020002578                ph_remove_head
 .text.ph_remove_and_free_node
                0x0000000020002674       0x7c CMakeFiles/picoprobe.dir/Users/marcelochsendorf/Downloads/WordClock/src/base/pico-sdk/src/common/pico_util/pheap.c.obj
                0x0000000020002674                ph_remove_and_free_node
 .text.mutex_init
                0x00000000200026f0       0x1c CMakeFiles/picoprobe.dir/Users/marcelochsendorf/Downloads/WordClock/src/base/pico-sdk/src/common/pico_sync/mutex.c.obj
                0x00000000200026f0                mutex_init
 .text.recursive_mutex_init
                0x000000002000270c       0x20 CMakeFiles/picoprobe.dir/Users/marcelochsendorf/Downloads/WordClock/src/base/pico-sdk/src/common/pico_sync/mutex.c.obj
                0x000000002000270c                recursive_mutex_init
 .text.critical_section_init
                0x000000002000272c       0x20 CMakeFiles/picoprobe.dir/Users/marcelochsendorf/Downloads/WordClock/src/base/pico-sdk/src/common/pico_sync/critical_section.c.obj
                0x000000002000272c                critical_section_init
 .text.irq_set_enabled
                0x000000002000274c       0x24 CMakeFiles/picoprobe.dir/Users/marcelochsendorf/Downloads/WordClock/src/base/pico-sdk/src/rp2_common/hardware_irq/irq.c.obj
                0x000000002000274c                irq_set_enabled
 .text.irq_get_vtable_handler
                0x0000000020002770       0x10 CMakeFiles/picoprobe.dir/Users/marcelochsendorf/Downloads/WordClock/src/base/pico-sdk/src/rp2_common/hardware_irq/irq.c.obj
                0x0000000020002770                irq_get_vtable_handler
 .text.irq_set_exclusive_handler
                0x0000000020002780       0x54 CMakeFiles/picoprobe.dir/Users/marcelochsendorf/Downloads/WordClock/src/base/pico-sdk/src/rp2_common/hardware_irq/irq.c.obj
                0x0000000020002780                irq_set_exclusive_handler
 .text.irq_remove_handler
                0x00000000200027d4      0x1b4 CMakeFiles/picoprobe.dir/Users/marcelochsendorf/Downloads/WordClock/src/base/pico-sdk/src/rp2_common/hardware_irq/irq.c.obj
                0x00000000200027d4                irq_remove_handler
 .text.irq_set_priority
                0x0000000020002988       0x28 CMakeFiles/picoprobe.dir/Users/marcelochsendorf/Downloads/WordClock/src/base/pico-sdk/src/rp2_common/hardware_irq/irq.c.obj
                0x0000000020002988                irq_set_priority
 .text.irq_add_tail_to_free_list
                0x00000000200029b0       0xb4 CMakeFiles/picoprobe.dir/Users/marcelochsendorf/Downloads/WordClock/src/base/pico-sdk/src/rp2_common/hardware_irq/irq.c.obj
                0x00000000200029b0                irq_add_tail_to_free_list
 .text.irq_init_priorities
                0x0000000020002a64       0x24 CMakeFiles/picoprobe.dir/Users/marcelochsendorf/Downloads/WordClock/src/base/pico-sdk/src/rp2_common/hardware_irq/irq.c.obj
                0x0000000020002a64                irq_init_priorities
 .text.gpio_set_function
                0x0000000020002a88       0x30 CMakeFiles/picoprobe.dir/Users/marcelochsendorf/Downloads/WordClock/src/base/pico-sdk/src/rp2_common/hardware_gpio/gpio.c.obj
                0x0000000020002a88                gpio_set_function
 .text.gpio_get_function
                0x0000000020002ab8       0x14 CMakeFiles/picoprobe.dir/Users/marcelochsendorf/Downloads/WordClock/src/base/pico-sdk/src/rp2_common/hardware_gpio/gpio.c.obj
                0x0000000020002ab8                gpio_get_function
 .text.gpio_set_pulls
                0x0000000020002acc       0x30 CMakeFiles/picoprobe.dir/Users/marcelochsendorf/Downloads/WordClock/src/base/pico-sdk/src/rp2_common/hardware_gpio/gpio.c.obj
                0x0000000020002acc                gpio_set_pulls
 .text.gpio_set_inover
                0x0000000020002afc       0x24 CMakeFiles/picoprobe.dir/Users/marcelochsendorf/Downloads/WordClock/src/base/pico-sdk/src/rp2_common/hardware_gpio/gpio.c.obj
                0x0000000020002afc                gpio_set_inover
 .text.gpio_set_oeover
                0x0000000020002b20       0x24 CMakeFiles/picoprobe.dir/Users/marcelochsendorf/Downloads/WordClock/src/base/pico-sdk/src/rp2_common/hardware_gpio/gpio.c.obj
                0x0000000020002b20                gpio_set_oeover
 .text.gpio_init
                0x0000000020002b44       0x3c CMakeFiles/picoprobe.dir/Users/marcelochsendorf/Downloads/WordClock/src/base/pico-sdk/src/rp2_common/hardware_gpio/gpio.c.obj
                0x0000000020002b44                gpio_init
 .text.uart_init
                0x0000000020002b80       0xe0 CMakeFiles/picoprobe.dir/Users/marcelochsendorf/Downloads/WordClock/src/base/pico-sdk/src/rp2_common/hardware_uart/uart.c.obj
                0x0000000020002b80                uart_init
 .text.uart_deinit
                0x0000000020002c60       0x24 CMakeFiles/picoprobe.dir/Users/marcelochsendorf/Downloads/WordClock/src/base/pico-sdk/src/rp2_common/hardware_uart/uart.c.obj
                0x0000000020002c60                uart_deinit
 .text.runtime_init
                0x0000000020002c84       0xf0 CMakeFiles/picoprobe.dir/Users/marcelochsendorf/Downloads/WordClock/src/base/pico-sdk/src/rp2_common/pico_runtime/runtime.c.obj
                0x0000000020002c84                runtime_init
 .text.exit     0x0000000020002d74        0x4 CMakeFiles/picoprobe.dir/Users/marcelochsendorf/Downloads/WordClock/src/base/pico-sdk/src/rp2_common/pico_runtime/runtime.c.obj
                0x0000000020002d74                exit
 .text.panic    0x0000000020002d78       0x30 CMakeFiles/picoprobe.dir/Users/marcelochsendorf/Downloads/WordClock/src/base/pico-sdk/src/rp2_common/pico_runtime/runtime.c.obj
                0x0000000020002d78                panic
 .text.panic_unsupported
                0x0000000020002da8        0xc CMakeFiles/picoprobe.dir/Users/marcelochsendorf/Downloads/WordClock/src/base/pico-sdk/src/rp2_common/pico_runtime/runtime.c.obj
                0x0000000020002da8                panic_unsupported
 .text.hard_assertion_failure
                0x0000000020002db4        0xc CMakeFiles/picoprobe.dir/Users/marcelochsendorf/Downloads/WordClock/src/base/pico-sdk/src/rp2_common/pico_runtime/runtime.c.obj
                0x0000000020002db4                hard_assertion_failure
 .text.clocks_init
                0x0000000020002dc0      0x2bc CMakeFiles/picoprobe.dir/Users/marcelochsendorf/Downloads/WordClock/src/base/pico-sdk/src/rp2_common/hardware_clocks/clocks.c.obj
                0x0000000020002dc0                clocks_init
 .text.clock_get_hz
                0x000000002000307c        0xc CMakeFiles/picoprobe.dir/Users/marcelochsendorf/Downloads/WordClock/src/base/pico-sdk/src/rp2_common/hardware_clocks/clocks.c.obj
                0x000000002000307c                clock_get_hz
 .text.pll_init
                0x0000000020003088       0xb0 CMakeFiles/picoprobe.dir/Users/marcelochsendorf/Downloads/WordClock/src/base/pico-sdk/src/rp2_common/hardware_pll/pll.c.obj
                0x0000000020003088                pll_init
 .text.watchdog_start_tick
                0x0000000020003138       0x10 CMakeFiles/picoprobe.dir/Users/marcelochsendorf/Downloads/WordClock/src/base/pico-sdk/src/rp2_common/hardware_watchdog/watchdog.c.obj
                0x0000000020003138                watchdog_start_tick
 .text.xosc_init
                0x0000000020003148       0x28 CMakeFiles/picoprobe.dir/Users/marcelochsendorf/Downloads/WordClock/src/base/pico-sdk/src/rp2_common/hardware_xosc/xosc.c.obj
                0x0000000020003148                xosc_init
 .text._out_char
                0x0000000020003170       0x10 CMakeFiles/picoprobe.dir/Users/marcelochsendorf/Downloads/WordClock/src/base/pico-sdk/src/rp2_common/pico_printf/printf.c.obj
 .text.weak_raw_vprintf
                0x0000000020003180       0x30 CMakeFiles/picoprobe.dir/Users/marcelochsendorf/Downloads/WordClock/src/base/pico-sdk/src/rp2_common/pico_printf/printf.c.obj
                0x0000000020003180                weak_raw_vprintf
 .text          0x00000000200031b0       0x10 CMakeFiles/picoprobe.dir/Users/marcelochsendorf/Downloads/WordClock/src/base/pico-sdk/src/rp2_common/pico_bit_ops/bit_ops_aeabi.S.obj
 .text.popcountsi
                0x00000000200031c0        0xc CMakeFiles/picoprobe.dir/Users/marcelochsendorf/Downloads/WordClock/src/base/pico-sdk/src/rp2_common/pico_bit_ops/bit_ops_aeabi.S.obj
                0x00000000200031c0                __wrap___popcountsi2
 .text.rom_func_lookup
                0x00000000200031cc       0x10 CMakeFiles/picoprobe.dir/Users/marcelochsendorf/Downloads/WordClock/src/base/pico-sdk/src/rp2_common/pico_bootrom/bootrom.c.obj
                0x00000000200031cc                rom_func_lookup
 .text.rom_data_lookup
                0x00000000200031dc       0x10 CMakeFiles/picoprobe.dir/Users/marcelochsendorf/Downloads/WordClock/src/base/pico-sdk/src/rp2_common/pico_bootrom/bootrom.c.obj
                0x00000000200031dc                rom_data_lookup
 .text.rom_funcs_lookup
                0x00000000200031ec       0x44 CMakeFiles/picoprobe.dir/Users/marcelochsendorf/Downloads/WordClock/src/base/pico-sdk/src/rp2_common/pico_bootrom/bootrom.c.obj
                0x00000000200031ec                rom_funcs_lookup
 .text.__wrap___aeabi_uidiv
                0x0000000020003230       0x4c CMakeFiles/picoprobe.dir/Users/marcelochsendorf/Downloads/WordClock/src/base/pico-sdk/src/rp2_common/pico_divider/divider.S.obj
                0x0000000020003230                __wrap___aeabi_uidiv
                0x0000000020003230                __wrap___aeabi_uidivmod
                0x0000000020003230                div_u32u32
                0x0000000020003230                divmod_u32u32
                0x0000000020003238                divmod_u32u32_unsafe
                0x0000000020003260                divmod_u32u32_savestate
 .text.__wrap___aeabi_ldiv
                0x000000002000327c      0x434 CMakeFiles/picoprobe.dir/Users/marcelochsendorf/Downloads/WordClock/src/base/pico-sdk/src/rp2_common/pico_divider/divider.S.obj
                0x000000002000327c                __wrap___aeabi_ldivmod
                0x000000002000327c                div_s64s64
                0x000000002000327c                divmod_s64s64
                0x00000000200032b4                divmod_u64u64
                0x00000000200032b4                div_u64u64
                0x00000000200032b4                __wrap___aeabi_uldivmod
                0x00000000200032c4                divmod_u64u64_savestate
                0x00000000200032ec                divmod_s64s64_unsafe
                0x0000000020003374                divmod_u64u64_unsafe
 .text.__aeabi_double_init
                0x00000000200036b0       0x94 CMakeFiles/picoprobe.dir/Users/marcelochsendorf/Downloads/WordClock/src/base/pico-sdk/src/rp2_common/pico_double/double_init_rom.c.obj
                0x00000000200036b0                __aeabi_double_init
 .text.double_table_shim_on_use_helper
                0x0000000020003744       0x2c CMakeFiles/picoprobe.dir/Users/marcelochsendorf/Downloads/WordClock/src/base/pico-sdk/src/rp2_common/pico_double/double_v1_rom_shim.S.obj
                0x0000000020003744                double_table_shim_on_use_helper
 .text.__aeabi_lmul
                0x0000000020003770       0x32 CMakeFiles/picoprobe.dir/Users/marcelochsendorf/Downloads/WordClock/src/base/pico-sdk/src/rp2_common/pico_int64_ops/pico_int64_ops_aeabi.S.obj
                0x0000000020003770                __wrap___aeabi_lmul
 *fill*         0x00000000200037a2        0x2 
 .text.__aeabi_float_init
                0x00000000200037a4       0x64 CMakeFiles/picoprobe.dir/Users/marcelochsendorf/Downloads/WordClock/src/base/pico-sdk/src/rp2_common/pico_float/float_init_rom.c.obj
                0x00000000200037a4                __aeabi_float_init
 .text.float_table_shim_on_use_helper
                0x0000000020003808       0x2c CMakeFiles/picoprobe.dir/Users/marcelochsendorf/Downloads/WordClock/src/base/pico-sdk/src/rp2_common/pico_float/float_v1_rom_shim.S.obj
                0x0000000020003808                float_table_shim_on_use_helper
 .text          0x0000000020003834       0x10 CMakeFiles/picoprobe.dir/Users/marcelochsendorf/Downloads/WordClock/src/base/pico-sdk/src/rp2_common/pico_mem_ops/mem_ops_aeabi.S.obj
                0x0000000020003834                __aeabi_mem_init
 .text.memset   0x0000000020003844        0xc CMakeFiles/picoprobe.dir/Users/marcelochsendorf/Downloads/WordClock/src/base/pico-sdk/src/rp2_common/pico_mem_ops/mem_ops_aeabi.S.obj
                0x0000000020003844                __wrap_memset
 .text.memcpy   0x0000000020003850        0xc CMakeFiles/picoprobe.dir/Users/marcelochsendorf/Downloads/WordClock/src/base/pico-sdk/src/rp2_common/pico_mem_ops/mem_ops_aeabi.S.obj
                0x0000000020003850                __wrap___aeabi_memcpy
                0x0000000020003850                __wrap_memcpy
 .text.stdio_out_chars_no_crlf
                0x000000002000385c       0x10 CMakeFiles/picoprobe.dir/Users/marcelochsendorf/Downloads/WordClock/src/base/pico-sdk/src/rp2_common/pico_stdio/stdio.c.obj
 .text.stdio_out_chars_crlf
                0x000000002000386c       0xb4 CMakeFiles/picoprobe.dir/Users/marcelochsendorf/Downloads/WordClock/src/base/pico-sdk/src/rp2_common/pico_stdio/stdio.c.obj
 .text.stdio_put_string.isra.0
                0x0000000020003920       0xf8 CMakeFiles/picoprobe.dir/Users/marcelochsendorf/Downloads/WordClock/src/base/pico-sdk/src/rp2_common/pico_stdio/stdio.c.obj
 .text.__wrap_putchar
                0x0000000020003a18       0xa0 CMakeFiles/picoprobe.dir/Users/marcelochsendorf/Downloads/WordClock/src/base/pico-sdk/src/rp2_common/pico_stdio/stdio.c.obj
                0x0000000020003a18                __wrap_putchar
 .text.__wrap_puts
                0x0000000020003ab8       0x3c CMakeFiles/picoprobe.dir/Users/marcelochsendorf/Downloads/WordClock/src/base/pico-sdk/src/rp2_common/pico_stdio/stdio.c.obj
                0x0000000020003ab8                __wrap_puts
 .text.stdio_set_driver_enabled
                0x0000000020003af4       0x30 CMakeFiles/picoprobe.dir/Users/marcelochsendorf/Downloads/WordClock/src/base/pico-sdk/src/rp2_common/pico_stdio/stdio.c.obj
                0x0000000020003af4                stdio_set_driver_enabled
 .text.stdio_uart_out_chars
                0x0000000020003b24       0x4c CMakeFiles/picoprobe.dir/Users/marcelochsendorf/Downloads/WordClock/src/base/pico-sdk/src/rp2_common/pico_stdio_uart/stdio_uart.c.obj
 .text.stdio_uart_in_chars
                0x0000000020003b70       0x38 CMakeFiles/picoprobe.dir/Users/marcelochsendorf/Downloads/WordClock/src/base/pico-sdk/src/rp2_common/pico_stdio_uart/stdio_uart.c.obj
                0x0000000020003b70                stdio_uart_in_chars
 .text.stdio_uart_init_full
                0x0000000020003ba8       0x38 CMakeFiles/picoprobe.dir/Users/marcelochsendorf/Downloads/WordClock/src/base/pico-sdk/src/rp2_common/pico_stdio_uart/stdio_uart.c.obj
                0x0000000020003ba8                stdio_uart_init_full
 .text.startup._retrieve_unique_id_on_boot
                0x0000000020003be0       0x10 CMakeFiles/picoprobe.dir/Users/marcelochsendorf/Downloads/WordClock/src/base/pico-sdk/src/rp2_common/pico_unique_id/unique_id.c.obj
 .text.pico_get_unique_board_id
                0x0000000020003bf0       0x10 CMakeFiles/picoprobe.dir/Users/marcelochsendorf/Downloads/WordClock/src/base/pico-sdk/src/rp2_common/pico_unique_id/unique_id.c.obj
                0x0000000020003bf0                pico_get_unique_board_id
 .text.flash_get_unique_id
                0x0000000020003c00       0x40 CMakeFiles/picoprobe.dir/Users/marcelochsendorf/Downloads/WordClock/src/base/pico-sdk/src/rp2_common/hardware_flash/flash.c.obj
                0x0000000020003c00                flash_get_unique_id
 .text.dcd_rp2040_irq
                0x0000000020003c40      0x228 CMakeFiles/picoprobe.dir/Users/marcelochsendorf/Downloads/WordClock/src/base/pico-sdk/lib/tinyusb/src/portable/raspberrypi/rp2040/dcd_rp2040.c.obj
 .text.dcd_int_enable
                0x0000000020003e68        0xc CMakeFiles/picoprobe.dir/Users/marcelochsendorf/Downloads/WordClock/src/base/pico-sdk/lib/tinyusb/src/portable/raspberrypi/rp2040/dcd_rp2040.c.obj
                0x0000000020003e68                dcd_int_enable
 .text.dcd_set_address
                0x0000000020003e74       0x14 CMakeFiles/picoprobe.dir/Users/marcelochsendorf/Downloads/WordClock/src/base/pico-sdk/lib/tinyusb/src/portable/raspberrypi/rp2040/dcd_rp2040.c.obj
                0x0000000020003e74                dcd_set_address
 .text.dcd_connect
                0x0000000020003e88       0x10 CMakeFiles/picoprobe.dir/Users/marcelochsendorf/Downloads/WordClock/src/base/pico-sdk/lib/tinyusb/src/portable/raspberrypi/rp2040/dcd_rp2040.c.obj
                0x0000000020003e88                dcd_connect
 .text.dcd_init
                0x0000000020003e98      0x144 CMakeFiles/picoprobe.dir/Users/marcelochsendorf/Downloads/WordClock/src/base/pico-sdk/lib/tinyusb/src/portable/raspberrypi/rp2040/dcd_rp2040.c.obj
                0x0000000020003e98                dcd_init
 .text.dcd_edpt0_status_complete
                0x0000000020003fdc       0x1c CMakeFiles/picoprobe.dir/Users/marcelochsendorf/Downloads/WordClock/src/base/pico-sdk/lib/tinyusb/src/portable/raspberrypi/rp2040/dcd_rp2040.c.obj
                0x0000000020003fdc                dcd_edpt0_status_complete
 .text.dcd_edpt_open
                0x0000000020003ff8       0xf0 CMakeFiles/picoprobe.dir/Users/marcelochsendorf/Downloads/WordClock/src/base/pico-sdk/lib/tinyusb/src/portable/raspberrypi/rp2040/dcd_rp2040.c.obj
                0x0000000020003ff8                dcd_edpt_open
 .text.dcd_edpt_close_all
                0x00000000200040e8       0xbc CMakeFiles/picoprobe.dir/Users/marcelochsendorf/Downloads/WordClock/src/base/pico-sdk/lib/tinyusb/src/portable/raspberrypi/rp2040/dcd_rp2040.c.obj
                0x00000000200040e8                dcd_edpt_close_all
 .text.dcd_edpt_xfer
                0x00000000200041a4       0x24 CMakeFiles/picoprobe.dir/Users/marcelochsendorf/Downloads/WordClock/src/base/pico-sdk/lib/tinyusb/src/portable/raspberrypi/rp2040/dcd_rp2040.c.obj
                0x00000000200041a4                dcd_edpt_xfer
 .text.dcd_edpt_stall
                0x00000000200041c8       0x38 CMakeFiles/picoprobe.dir/Users/marcelochsendorf/Downloads/WordClock/src/base/pico-sdk/lib/tinyusb/src/portable/raspberrypi/rp2040/dcd_rp2040.c.obj
                0x00000000200041c8                dcd_edpt_stall
 .text.dcd_edpt_clear_stall
                0x0000000020004200       0x30 CMakeFiles/picoprobe.dir/Users/marcelochsendorf/Downloads/WordClock/src/base/pico-sdk/lib/tinyusb/src/portable/raspberrypi/rp2040/dcd_rp2040.c.obj
                0x0000000020004200                dcd_edpt_clear_stall
 .text._hw_endpoint_buffer_control_update32.part.0.isra.0
                0x0000000020004230       0x1c CMakeFiles/picoprobe.dir/Users/marcelochsendorf/Downloads/WordClock/src/base/pico-sdk/lib/tinyusb/src/portable/raspberrypi/rp2040/rp2040_usb.c.obj
 .text.rp2040_usb_init
                0x000000002000424c       0x4c CMakeFiles/picoprobe.dir/Users/marcelochsendorf/Downloads/WordClock/src/base/pico-sdk/lib/tinyusb/src/portable/raspberrypi/rp2040/rp2040_usb.c.obj
                0x000000002000424c                rp2040_usb_init
 .text.hw_endpoint_reset_transfer
                0x0000000020004298        0xc CMakeFiles/picoprobe.dir/Users/marcelochsendorf/Downloads/WordClock/src/base/pico-sdk/lib/tinyusb/src/portable/raspberrypi/rp2040/rp2040_usb.c.obj
                0x0000000020004298                hw_endpoint_reset_transfer
 .text._hw_endpoint_buffer_control_update32
                0x00000000200042a4       0x44 CMakeFiles/picoprobe.dir/Users/marcelochsendorf/Downloads/WordClock/src/base/pico-sdk/lib/tinyusb/src/portable/raspberrypi/rp2040/rp2040_usb.c.obj
                0x00000000200042a4                _hw_endpoint_buffer_control_update32
 .text.hw_endpoint_xfer_start
                0x00000000200042e8      0x138 CMakeFiles/picoprobe.dir/Users/marcelochsendorf/Downloads/WordClock/src/base/pico-sdk/lib/tinyusb/src/portable/raspberrypi/rp2040/rp2040_usb.c.obj
                0x00000000200042e8                hw_endpoint_xfer_start
 .text.hw_endpoint_xfer_continue
                0x0000000020004420      0x1e4 CMakeFiles/picoprobe.dir/Users/marcelochsendorf/Downloads/WordClock/src/base/pico-sdk/lib/tinyusb/src/portable/raspberrypi/rp2040/rp2040_usb.c.obj
                0x0000000020004420                hw_endpoint_xfer_continue
 .text.tud_mounted
                0x0000000020004604       0x10 CMakeFiles/picoprobe.dir/Users/marcelochsendorf/Downloads/WordClock/src/base/pico-sdk/lib/tinyusb/src/device/usbd.c.obj
                0x0000000020004604                tud_mounted
 .text.tud_suspended
                0x0000000020004614       0x10 CMakeFiles/picoprobe.dir/Users/marcelochsendorf/Downloads/WordClock/src/base/pico-sdk/lib/tinyusb/src/device/usbd.c.obj
                0x0000000020004614                tud_suspended
 .text.tud_inited
                0x0000000020004624        0xc CMakeFiles/picoprobe.dir/Users/marcelochsendorf/Downloads/WordClock/src/base/pico-sdk/lib/tinyusb/src/device/usbd.c.obj
                0x0000000020004624                tud_inited
 .text.tud_init
                0x0000000020004630      0x104 CMakeFiles/picoprobe.dir/Users/marcelochsendorf/Downloads/WordClock/src/base/pico-sdk/lib/tinyusb/src/device/usbd.c.obj
                0x0000000020004630                tud_init
 .text.tud_task
                0x0000000020004734      0x9fc CMakeFiles/picoprobe.dir/Users/marcelochsendorf/Downloads/WordClock/src/base/pico-sdk/lib/tinyusb/src/device/usbd.c.obj
                0x0000000020004734                tud_task
 .text.dcd_event_bus_signal
                0x0000000020005130      0x120 CMakeFiles/picoprobe.dir/Users/marcelochsendorf/Downloads/WordClock/src/base/pico-sdk/lib/tinyusb/src/device/usbd.c.obj
                0x0000000020005130                dcd_event_bus_signal
 .text.dcd_event_bus_reset
                0x0000000020005250       0x54 CMakeFiles/picoprobe.dir/Users/marcelochsendorf/Downloads/WordClock/src/base/pico-sdk/lib/tinyusb/src/device/usbd.c.obj
                0x0000000020005250                dcd_event_bus_reset
 .text.dcd_event_setup_received
                0x00000000200052a4       0x50 CMakeFiles/picoprobe.dir/Users/marcelochsendorf/Downloads/WordClock/src/base/pico-sdk/lib/tinyusb/src/device/usbd.c.obj
                0x00000000200052a4                dcd_event_setup_received
 .text.dcd_event_xfer_complete
                0x00000000200052f4       0x68 CMakeFiles/picoprobe.dir/Users/marcelochsendorf/Downloads/WordClock/src/base/pico-sdk/lib/tinyusb/src/device/usbd.c.obj
                0x00000000200052f4                dcd_event_xfer_complete
 .text.usbd_open_edpt_pair
                0x000000002000535c       0x80 CMakeFiles/picoprobe.dir/Users/marcelochsendorf/Downloads/WordClock/src/base/pico-sdk/lib/tinyusb/src/device/usbd.c.obj
                0x000000002000535c                usbd_open_edpt_pair
 .text.usbd_edpt_open
                0x00000000200053dc       0x30 CMakeFiles/picoprobe.dir/Users/marcelochsendorf/Downloads/WordClock/src/base/pico-sdk/lib/tinyusb/src/device/usbd.c.obj
                0x00000000200053dc                usbd_edpt_open
 .text.usbd_edpt_claim
                0x000000002000540c       0x64 CMakeFiles/picoprobe.dir/Users/marcelochsendorf/Downloads/WordClock/src/base/pico-sdk/lib/tinyusb/src/device/usbd.c.obj
                0x000000002000540c                usbd_edpt_claim
 .text.usbd_edpt_release
                0x0000000020005470       0x4c CMakeFiles/picoprobe.dir/Users/marcelochsendorf/Downloads/WordClock/src/base/pico-sdk/lib/tinyusb/src/device/usbd.c.obj
                0x0000000020005470                usbd_edpt_release
 .text.usbd_edpt_xfer
                0x00000000200054bc       0x48 CMakeFiles/picoprobe.dir/Users/marcelochsendorf/Downloads/WordClock/src/base/pico-sdk/lib/tinyusb/src/device/usbd.c.obj
                0x00000000200054bc                usbd_edpt_xfer
 .text.usbd_edpt_busy
                0x0000000020005504       0x1c CMakeFiles/picoprobe.dir/Users/marcelochsendorf/Downloads/WordClock/src/base/pico-sdk/lib/tinyusb/src/device/usbd.c.obj
                0x0000000020005504                usbd_edpt_busy
 .text.tud_control_status
                0x0000000020005520       0x30 CMakeFiles/picoprobe.dir/Users/marcelochsendorf/Downloads/WordClock/src/base/pico-sdk/lib/tinyusb/src/device/usbd_control.c.obj
                0x0000000020005520                tud_control_status
 .text.tud_control_xfer
                0x0000000020005550       0xbc CMakeFiles/picoprobe.dir/Users/marcelochsendorf/Downloads/WordClock/src/base/pico-sdk/lib/tinyusb/src/device/usbd_control.c.obj
                0x0000000020005550                tud_control_xfer
 .text.usbd_control_reset
                0x000000002000560c       0x14 CMakeFiles/picoprobe.dir/Users/marcelochsendorf/Downloads/WordClock/src/base/pico-sdk/lib/tinyusb/src/device/usbd_control.c.obj
                0x000000002000560c                usbd_control_reset
 .text.usbd_control_set_complete_callback
                0x0000000020005620        0xc CMakeFiles/picoprobe.dir/Users/marcelochsendorf/Downloads/WordClock/src/base/pico-sdk/lib/tinyusb/src/device/usbd_control.c.obj
                0x0000000020005620                usbd_control_set_complete_callback
 .text.usbd_control_set_request
                0x000000002000562c       0x1c CMakeFiles/picoprobe.dir/Users/marcelochsendorf/Downloads/WordClock/src/base/pico-sdk/lib/tinyusb/src/device/usbd_control.c.obj
                0x000000002000562c                usbd_control_set_request
 .text.usbd_control_xfer_cb
                0x0000000020005648       0xfc CMakeFiles/picoprobe.dir/Users/marcelochsendorf/Downloads/WordClock/src/base/pico-sdk/lib/tinyusb/src/device/usbd_control.c.obj
                0x0000000020005648                usbd_control_xfer_cb
 .text.tud_cdc_n_connected
                0x0000000020005744       0x30 CMakeFiles/picoprobe.dir/Users/marcelochsendorf/Downloads/WordClock/src/base/pico-sdk/lib/tinyusb/src/class/cdc/cdc_device.c.obj
                0x0000000020005744                tud_cdc_n_connected
 .text.tud_cdc_n_available
                0x0000000020005774       0x18 CMakeFiles/picoprobe.dir/Users/marcelochsendorf/Downloads/WordClock/src/base/pico-sdk/lib/tinyusb/src/class/cdc/cdc_device.c.obj
                0x0000000020005774                tud_cdc_n_available
 .text.tud_cdc_n_read
                0x000000002000578c       0x70 CMakeFiles/picoprobe.dir/Users/marcelochsendorf/Downloads/WordClock/src/base/pico-sdk/lib/tinyusb/src/class/cdc/cdc_device.c.obj
                0x000000002000578c                tud_cdc_n_read
 .text.tud_cdc_n_read_flush
                0x00000000200057fc       0x5c CMakeFiles/picoprobe.dir/Users/marcelochsendorf/Downloads/WordClock/src/base/pico-sdk/lib/tinyusb/src/class/cdc/cdc_device.c.obj
                0x00000000200057fc                tud_cdc_n_read_flush
 .text.tud_cdc_n_write_flush
                0x0000000020005858       0x74 CMakeFiles/picoprobe.dir/Users/marcelochsendorf/Downloads/WordClock/src/base/pico-sdk/lib/tinyusb/src/class/cdc/cdc_device.c.obj
                0x0000000020005858                tud_cdc_n_write_flush
 .text.tud_cdc_n_write
                0x00000000200058cc       0x34 CMakeFiles/picoprobe.dir/Users/marcelochsendorf/Downloads/WordClock/src/base/pico-sdk/lib/tinyusb/src/class/cdc/cdc_device.c.obj
                0x00000000200058cc                tud_cdc_n_write
 .text.tud_cdc_n_write_available
                0x0000000020005900       0x18 CMakeFiles/picoprobe.dir/Users/marcelochsendorf/Downloads/WordClock/src/base/pico-sdk/lib/tinyusb/src/class/cdc/cdc_device.c.obj
                0x0000000020005900                tud_cdc_n_write_available
 .text.tud_cdc_n_write_clear
                0x0000000020005918       0x18 CMakeFiles/picoprobe.dir/Users/marcelochsendorf/Downloads/WordClock/src/base/pico-sdk/lib/tinyusb/src/class/cdc/cdc_device.c.obj
                0x0000000020005918                tud_cdc_n_write_clear
 .text.cdcd_init
                0x0000000020005930       0x70 CMakeFiles/picoprobe.dir/Users/marcelochsendorf/Downloads/WordClock/src/base/pico-sdk/lib/tinyusb/src/class/cdc/cdc_device.c.obj
                0x0000000020005930                cdcd_init
 .text.cdcd_reset
                0x00000000200059a0       0x2c CMakeFiles/picoprobe.dir/Users/marcelochsendorf/Downloads/WordClock/src/base/pico-sdk/lib/tinyusb/src/class/cdc/cdc_device.c.obj
                0x00000000200059a0                cdcd_reset
 .text.cdcd_open
                0x00000000200059cc       0xe4 CMakeFiles/picoprobe.dir/Users/marcelochsendorf/Downloads/WordClock/src/base/pico-sdk/lib/tinyusb/src/class/cdc/cdc_device.c.obj
                0x00000000200059cc                cdcd_open
 .text.cdcd_control_xfer_cb
                0x0000000020005ab0       0xe4 CMakeFiles/picoprobe.dir/Users/marcelochsendorf/Downloads/WordClock/src/base/pico-sdk/lib/tinyusb/src/class/cdc/cdc_device.c.obj
                0x0000000020005ab0                cdcd_control_xfer_cb
 .text.cdcd_xfer_cb
                0x0000000020005b94      0x144 CMakeFiles/picoprobe.dir/Users/marcelochsendorf/Downloads/WordClock/src/base/pico-sdk/lib/tinyusb/src/class/cdc/cdc_device.c.obj
                0x0000000020005b94                cdcd_xfer_cb
 .text.tud_hid_n_report
                0x0000000020005cd8       0x90 CMakeFiles/picoprobe.dir/Users/marcelochsendorf/Downloads/WordClock/src/base/pico-sdk/lib/tinyusb/src/class/hid/hid_device.c.obj
                0x0000000020005cd8                tud_hid_n_report
 .text.hidd_init
                0x0000000020005d68       0x14 CMakeFiles/picoprobe.dir/Users/marcelochsendorf/Downloads/WordClock/src/base/pico-sdk/lib/tinyusb/src/class/hid/hid_device.c.obj
                0x0000000020005d68                hidd_init
 .text.hidd_reset
                0x0000000020005d7c       0x14 CMakeFiles/picoprobe.dir/Users/marcelochsendorf/Downloads/WordClock/src/base/pico-sdk/lib/tinyusb/src/class/hid/hid_device.c.obj
                0x0000000020005d7c                hidd_reset
 .text.hidd_open
                0x0000000020005d90       0x90 CMakeFiles/picoprobe.dir/Users/marcelochsendorf/Downloads/WordClock/src/base/pico-sdk/lib/tinyusb/src/class/hid/hid_device.c.obj
                0x0000000020005d90                hidd_open
 .text.hidd_control_xfer_cb
                0x0000000020005e20      0x1bc CMakeFiles/picoprobe.dir/Users/marcelochsendorf/Downloads/WordClock/src/base/pico-sdk/lib/tinyusb/src/class/hid/hid_device.c.obj
                0x0000000020005e20                hidd_control_xfer_cb
 .text.hidd_xfer_cb
                0x0000000020005fdc       0x68 CMakeFiles/picoprobe.dir/Users/marcelochsendorf/Downloads/WordClock/src/base/pico-sdk/lib/tinyusb/src/class/hid/hid_device.c.obj
                0x0000000020005fdc                hidd_xfer_cb
 .text.tud_vendor_n_available
                0x0000000020006044       0x1c CMakeFiles/picoprobe.dir/Users/marcelochsendorf/Downloads/WordClock/src/base/pico-sdk/lib/tinyusb/src/class/vendor/vendor_device.c.obj
                0x0000000020006044                tud_vendor_n_available
 .text.tud_vendor_n_read
                0x0000000020006060       0x5c CMakeFiles/picoprobe.dir/Users/marcelochsendorf/Downloads/WordClock/src/base/pico-sdk/lib/tinyusb/src/class/vendor/vendor_device.c.obj
                0x0000000020006060                tud_vendor_n_read
 .text.tud_vendor_n_write
                0x00000000200060bc       0x64 CMakeFiles/picoprobe.dir/Users/marcelochsendorf/Downloads/WordClock/src/base/pico-sdk/lib/tinyusb/src/class/vendor/vendor_device.c.obj
                0x00000000200060bc                tud_vendor_n_write
 .text.vendord_init
                0x0000000020006120       0x6c CMakeFiles/picoprobe.dir/Users/marcelochsendorf/Downloads/WordClock/src/base/pico-sdk/lib/tinyusb/src/class/vendor/vendor_device.c.obj
                0x0000000020006120                vendord_init
 .text.vendord_reset
                0x000000002000618c       0x1c CMakeFiles/picoprobe.dir/Users/marcelochsendorf/Downloads/WordClock/src/base/pico-sdk/lib/tinyusb/src/class/vendor/vendor_device.c.obj
                0x000000002000618c                vendord_reset
 .text.vendord_open
                0x00000000200061a8       0xd0 CMakeFiles/picoprobe.dir/Users/marcelochsendorf/Downloads/WordClock/src/base/pico-sdk/lib/tinyusb/src/class/vendor/vendor_device.c.obj
                0x00000000200061a8                vendord_open
 .text.vendord_xfer_cb
                0x0000000020006278       0x94 CMakeFiles/picoprobe.dir/Users/marcelochsendorf/Downloads/WordClock/src/base/pico-sdk/lib/tinyusb/src/class/vendor/vendor_device.c.obj
                0x0000000020006278                vendord_xfer_cb
 .text.tusb_init
                0x000000002000630c        0xc CMakeFiles/picoprobe.dir/Users/marcelochsendorf/Downloads/WordClock/src/base/pico-sdk/lib/tinyusb/src/tusb.c.obj
                0x000000002000630c                tusb_init
 .text.tusb_inited
                0x0000000020006318        0x8 CMakeFiles/picoprobe.dir/Users/marcelochsendorf/Downloads/WordClock/src/base/pico-sdk/lib/tinyusb/src/tusb.c.obj
                0x0000000020006318                tusb_inited
 .text.tu_edpt_validate
                0x0000000020006320       0x78 CMakeFiles/picoprobe.dir/Users/marcelochsendorf/Downloads/WordClock/src/base/pico-sdk/lib/tinyusb/src/tusb.c.obj
                0x0000000020006320                tu_edpt_validate
 .text.tu_edpt_bind_driver
                0x0000000020006398       0x2c CMakeFiles/picoprobe.dir/Users/marcelochsendorf/Downloads/WordClock/src/base/pico-sdk/lib/tinyusb/src/tusb.c.obj
                0x0000000020006398                tu_edpt_bind_driver
 .text.tu_fifo_config
                0x00000000200063c4       0x78 CMakeFiles/picoprobe.dir/Users/marcelochsendorf/Downloads/WordClock/src/base/pico-sdk/lib/tinyusb/src/common/tusb_fifo.c.obj
                0x00000000200063c4                tu_fifo_config
 .text.tu_fifo_count
                0x000000002000643c       0x20 CMakeFiles/picoprobe.dir/Users/marcelochsendorf/Downloads/WordClock/src/base/pico-sdk/lib/tinyusb/src/common/tusb_fifo.c.obj
                0x000000002000643c                tu_fifo_count
 .text.tu_fifo_empty
                0x000000002000645c       0x10 CMakeFiles/picoprobe.dir/Users/marcelochsendorf/Downloads/WordClock/src/base/pico-sdk/lib/tinyusb/src/common/tusb_fifo.c.obj
                0x000000002000645c                tu_fifo_empty
 .text.tu_fifo_remaining
                0x000000002000646c       0x1c CMakeFiles/picoprobe.dir/Users/marcelochsendorf/Downloads/WordClock/src/base/pico-sdk/lib/tinyusb/src/common/tusb_fifo.c.obj
                0x000000002000646c                tu_fifo_remaining
 .text.tu_fifo_read
                0x0000000020006488       0x9c CMakeFiles/picoprobe.dir/Users/marcelochsendorf/Downloads/WordClock/src/base/pico-sdk/lib/tinyusb/src/common/tusb_fifo.c.obj
                0x0000000020006488                tu_fifo_read
 .text.tu_fifo_read_n
                0x0000000020006524      0x100 CMakeFiles/picoprobe.dir/Users/marcelochsendorf/Downloads/WordClock/src/base/pico-sdk/lib/tinyusb/src/common/tusb_fifo.c.obj
                0x0000000020006524                tu_fifo_read_n
 .text.tu_fifo_write
                0x0000000020006624       0x7c CMakeFiles/picoprobe.dir/Users/marcelochsendorf/Downloads/WordClock/src/base/pico-sdk/lib/tinyusb/src/common/tusb_fifo.c.obj
                0x0000000020006624                tu_fifo_write
 .text.tu_fifo_write_n
                0x00000000200066a0      0x100 CMakeFiles/picoprobe.dir/Users/marcelochsendorf/Downloads/WordClock/src/base/pico-sdk/lib/tinyusb/src/common/tusb_fifo.c.obj
                0x00000000200066a0                tu_fifo_write_n
 .text.tu_fifo_clear
                0x00000000200067a0       0x4c CMakeFiles/picoprobe.dir/Users/marcelochsendorf/Downloads/WordClock/src/base/pico-sdk/lib/tinyusb/src/common/tusb_fifo.c.obj
                0x00000000200067a0                tu_fifo_clear
 .text.tu_fifo_set_overwritable
                0x00000000200067ec       0x3c CMakeFiles/picoprobe.dir/Users/marcelochsendorf/Downloads/WordClock/src/base/pico-sdk/lib/tinyusb/src/common/tusb_fifo.c.obj
                0x00000000200067ec                tu_fifo_set_overwritable
 .text.hw_enumeration_fix_force_ls_j_done
                0x0000000020006828       0x48 CMakeFiles/picoprobe.dir/Users/marcelochsendorf/Downloads/WordClock/src/base/pico-sdk/src/rp2_common/pico_fix/rp2040_usb_device_enumeration/rp2040_usb_device_enumeration.c.obj
                0x0000000020006828                hw_enumeration_fix_force_ls_j_done
 .text.hw_enumeration_fix_force_ls_j
                0x0000000020006870      0x114 CMakeFiles/picoprobe.dir/Users/marcelochsendorf/Downloads/WordClock/src/base/pico-sdk/src/rp2_common/pico_fix/rp2040_usb_device_enumeration/rp2040_usb_device_enumeration.c.obj
 .text.hw_enumeration_fix_wait_se0_callback
                0x0000000020006984       0x24 CMakeFiles/picoprobe.dir/Users/marcelochsendorf/Downloads/WordClock/src/base/pico-sdk/src/rp2_common/pico_fix/rp2040_usb_device_enumeration/rp2040_usb_device_enumeration.c.obj
                0x0000000020006984                hw_enumeration_fix_wait_se0_callback
 .text.rp2040_usb_device_enumeration_fix
                0x00000000200069a8       0x6c CMakeFiles/picoprobe.dir/Users/marcelochsendorf/Downloads/WordClock/src/base/pico-sdk/src/rp2_common/pico_fix/rp2040_usb_device_enumeration/rp2040_usb_device_enumeration.c.obj
                0x00000000200069a8                rp2040_usb_device_enumeration_fix
 .text.board_init
                0x0000000020006a14       0x30 CMakeFiles/picoprobe.dir/Users/marcelochsendorf/Downloads/WordClock/src/base/pico-sdk/lib/tinyusb/hw/bsp/rp2040/family.c.obj
                0x0000000020006a14                board_init
 .text.pio_add_program
                0x0000000020006a44       0xc8 CMakeFiles/picoprobe.dir/Users/marcelochsendorf/Downloads/WordClock/src/base/pico-sdk/src/rp2_common/hardware_pio/pio.c.obj
                0x0000000020006a44                pio_add_program
 .text.pio_remove_program
                0x0000000020006b0c       0x34 CMakeFiles/picoprobe.dir/Users/marcelochsendorf/Downloads/WordClock/src/base/pico-sdk/src/rp2_common/hardware_pio/pio.c.obj
                0x0000000020006b0c                pio_remove_program
 .text.pio_sm_set_consecutive_pindirs
                0x0000000020006b40       0x84 CMakeFiles/picoprobe.dir/Users/marcelochsendorf/Downloads/WordClock/src/base/pico-sdk/src/rp2_common/hardware_pio/pio.c.obj
                0x0000000020006b40                pio_sm_set_consecutive_pindirs
 .text.pio_sm_init
                0x0000000020006bc4       0x90 CMakeFiles/picoprobe.dir/Users/marcelochsendorf/Downloads/WordClock/src/base/pico-sdk/src/rp2_common/hardware_pio/pio.c.obj
                0x0000000020006bc4                pio_sm_init
 .text.vPortSVCHandler
                0x0000000020006c54        0x4 CMakeFiles/picoprobe.dir/freertos/portable/ThirdParty/GCC/RP2040/port.c.obj
                0x0000000020006c54                vPortSVCHandler
 .text.vPortStartFirstTask
                0x0000000020006c58       0x28 CMakeFiles/picoprobe.dir/freertos/portable/ThirdParty/GCC/RP2040/port.c.obj
 .text.xPortPendSVHandler
                0x0000000020006c80       0x60 CMakeFiles/picoprobe.dir/freertos/portable/ThirdParty/GCC/RP2040/port.c.obj
                0x0000000020006c80                xPortPendSVHandler
 .text.prvFIFOInterruptHandler
                0x0000000020006ce0       0x78 CMakeFiles/picoprobe.dir/freertos/portable/ThirdParty/GCC/RP2040/port.c.obj
 .text.prvTaskExitError
                0x0000000020006d58        0x8 CMakeFiles/picoprobe.dir/freertos/portable/ThirdParty/GCC/RP2040/port.c.obj
 .text.pxPortInitialiseStack
                0x0000000020006d60       0x20 CMakeFiles/picoprobe.dir/freertos/portable/ThirdParty/GCC/RP2040/port.c.obj
                0x0000000020006d60                pxPortInitialiseStack
 .text.vPortYield
                0x0000000020006d80       0x18 CMakeFiles/picoprobe.dir/freertos/portable/ThirdParty/GCC/RP2040/port.c.obj
                0x0000000020006d80                vPortYield
 .text.vPortEnterCritical
                0x0000000020006d98       0x18 CMakeFiles/picoprobe.dir/freertos/portable/ThirdParty/GCC/RP2040/port.c.obj
                0x0000000020006d98                vPortEnterCritical
 .text.vPortExitCritical
                0x0000000020006db0       0x34 CMakeFiles/picoprobe.dir/freertos/portable/ThirdParty/GCC/RP2040/port.c.obj
                0x0000000020006db0                vPortExitCritical
 .text.ulSetInterruptMaskFromISR
                0x0000000020006de4        0x8 CMakeFiles/picoprobe.dir/freertos/portable/ThirdParty/GCC/RP2040/port.c.obj
                0x0000000020006de4                ulSetInterruptMaskFromISR
 .text.vClearInterruptMaskFromISR
                0x0000000020006dec        0x8 CMakeFiles/picoprobe.dir/freertos/portable/ThirdParty/GCC/RP2040/port.c.obj
                0x0000000020006dec                vClearInterruptMaskFromISR
 .text.xPortSysTickHandler
                0x0000000020006df4       0x24 CMakeFiles/picoprobe.dir/freertos/portable/ThirdParty/GCC/RP2040/port.c.obj
                0x0000000020006df4                xPortSysTickHandler
 .text.vPortSetupTimerInterrupt
                0x0000000020006e18       0x34 CMakeFiles/picoprobe.dir/freertos/portable/ThirdParty/GCC/RP2040/port.c.obj
                0x0000000020006e18                vPortSetupTimerInterrupt
 .text.xPortStartScheduler
                0x0000000020006e4c       0xa8 CMakeFiles/picoprobe.dir/freertos/portable/ThirdParty/GCC/RP2040/port.c.obj
                0x0000000020006e4c                xPortStartScheduler
 .text.ulPortLockGetCurrentOwnerId
                0x0000000020006ef4       0x2c CMakeFiles/picoprobe.dir/freertos/portable/ThirdParty/GCC/RP2040/port.c.obj
                0x0000000020006ef4                ulPortLockGetCurrentOwnerId
 .text.vPortLockInternalSpinUnlockWithWait
                0x0000000020006f20       0x68 CMakeFiles/picoprobe.dir/freertos/portable/ThirdParty/GCC/RP2040/port.c.obj
                0x0000000020006f20                vPortLockInternalSpinUnlockWithWait
 .text.vPortLockInternalSpinUnlockWithNotify
                0x0000000020006f88       0xc8 CMakeFiles/picoprobe.dir/freertos/portable/ThirdParty/GCC/RP2040/port.c.obj
                0x0000000020006f88                vPortLockInternalSpinUnlockWithNotify
 .text.xPortLockInternalSpinUnlockWithBestEffortWaitOrTimeout
                0x0000000020007050       0xf4 CMakeFiles/picoprobe.dir/freertos/portable/ThirdParty/GCC/RP2040/port.c.obj
                0x0000000020007050                xPortLockInternalSpinUnlockWithBestEffortWaitOrTimeout
 .text.startup.prvRuntimeInitializer
                0x0000000020007144       0x28 CMakeFiles/picoprobe.dir/freertos/portable/ThirdParty/GCC/RP2040/port.c.obj
 .text.vEventGroupSetBitsCallback
                0x000000002000716c       0x8c CMakeFiles/picoprobe.dir/freertos/event_groups.c.obj
                0x000000002000716c                vEventGroupSetBitsCallback
 .text.xEventGroupCreate
                0x00000000200071f8       0x18 CMakeFiles/picoprobe.dir/freertos/event_groups.c.obj
                0x00000000200071f8                xEventGroupCreate
 .text.xEventGroupWaitBits
                0x0000000020007210       0xb8 CMakeFiles/picoprobe.dir/freertos/event_groups.c.obj
                0x0000000020007210                xEventGroupWaitBits
 .text.xEventGroupSetBits
                0x00000000200072c8       0x90 CMakeFiles/picoprobe.dir/freertos/event_groups.c.obj
                0x00000000200072c8                xEventGroupSetBits
 .text.xEventGroupSetBitsFromISR
                0x0000000020007358       0x14 CMakeFiles/picoprobe.dir/freertos/event_groups.c.obj
                0x0000000020007358                xEventGroupSetBitsFromISR
 .text.vListInitialise
                0x000000002000736c       0x18 CMakeFiles/picoprobe.dir/freertos/list.c.obj
                0x000000002000736c                vListInitialise
 .text.vListInitialiseItem
                0x0000000020007384        0x8 CMakeFiles/picoprobe.dir/freertos/list.c.obj
                0x0000000020007384                vListInitialiseItem
 .text.vListInsertEnd
                0x000000002000738c       0x18 CMakeFiles/picoprobe.dir/freertos/list.c.obj
                0x000000002000738c                vListInsertEnd
 .text.vListInsert
                0x00000000200073a4       0x30 CMakeFiles/picoprobe.dir/freertos/list.c.obj
                0x00000000200073a4                vListInsert
 .text.uxListRemove
                0x00000000200073d4       0x24 CMakeFiles/picoprobe.dir/freertos/list.c.obj
                0x00000000200073d4                uxListRemove
 .text.prvUnlockQueue
                0x00000000200073f8      0x148 CMakeFiles/picoprobe.dir/freertos/queue.c.obj
 .text.prvNotifyQueueSetContainer
                0x0000000020007540       0x9c CMakeFiles/picoprobe.dir/freertos/queue.c.obj
 .text.xQueueGenericCreate
                0x00000000200075dc       0xa0 CMakeFiles/picoprobe.dir/freertos/queue.c.obj
                0x00000000200075dc                xQueueGenericCreate
 .text.xQueueGenericSendFromISR
                0x000000002000767c      0x138 CMakeFiles/picoprobe.dir/freertos/queue.c.obj
                0x000000002000767c                xQueueGenericSendFromISR
 .text.xQueueReceive
                0x00000000200077b4      0x11c CMakeFiles/picoprobe.dir/freertos/queue.c.obj
                0x00000000200077b4                xQueueReceive
 .text.vQueueAddToRegistry
                0x00000000200078d0       0xec CMakeFiles/picoprobe.dir/freertos/queue.c.obj
                0x00000000200078d0                vQueueAddToRegistry
 .text.vQueueWaitForMessageRestricted
                0x00000000200079bc       0x48 CMakeFiles/picoprobe.dir/freertos/queue.c.obj
                0x00000000200079bc                vQueueWaitForMessageRestricted
 .text.prvIdleTask
                0x0000000020007a04       0x60 CMakeFiles/picoprobe.dir/freertos/tasks.c.obj
 .text.vTaskSwitchContext.part.0
                0x0000000020007a64       0x80 CMakeFiles/picoprobe.dir/freertos/tasks.c.obj
 .text.xTaskCreate
                0x0000000020007ae4      0x280 CMakeFiles/picoprobe.dir/freertos/tasks.c.obj
                0x0000000020007ae4                xTaskCreate
 .text.vTaskSuspend
                0x0000000020007d64       0xcc CMakeFiles/picoprobe.dir/freertos/tasks.c.obj
                0x0000000020007d64                vTaskSuspend
 .text.vTaskResume
                0x0000000020007e30       0x8c CMakeFiles/picoprobe.dir/freertos/tasks.c.obj
                0x0000000020007e30                vTaskResume
 .text.vTaskStartScheduler
                0x0000000020007ebc      0x1e0 CMakeFiles/picoprobe.dir/freertos/tasks.c.obj
                0x0000000020007ebc                vTaskStartScheduler
 .text.vTaskSuspendAll
                0x000000002000809c       0x10 CMakeFiles/picoprobe.dir/freertos/tasks.c.obj
                0x000000002000809c                vTaskSuspendAll
 .text.xTaskGetTickCount
                0x00000000200080ac        0xc CMakeFiles/picoprobe.dir/freertos/tasks.c.obj
                0x00000000200080ac                xTaskGetTickCount
 .text.uxTaskGetNumberOfTasks
                0x00000000200080b8        0xc CMakeFiles/picoprobe.dir/freertos/tasks.c.obj
                0x00000000200080b8                uxTaskGetNumberOfTasks
 .text.xTaskIncrementTick
                0x00000000200080c4      0x1d0 CMakeFiles/picoprobe.dir/freertos/tasks.c.obj
                0x00000000200080c4                xTaskIncrementTick
 .text.xTaskResumeAll
                0x0000000020008294      0x170 CMakeFiles/picoprobe.dir/freertos/tasks.c.obj
                0x0000000020008294                xTaskResumeAll
 .text.xTaskDelayUntil
                0x0000000020008404       0xa4 CMakeFiles/picoprobe.dir/freertos/tasks.c.obj
                0x0000000020008404                xTaskDelayUntil
 .text.vTaskDelay
                0x00000000200084a8       0x78 CMakeFiles/picoprobe.dir/freertos/tasks.c.obj
                0x00000000200084a8                vTaskDelay
 .text.vTaskSwitchContext
                0x0000000020008520       0x20 CMakeFiles/picoprobe.dir/freertos/tasks.c.obj
                0x0000000020008520                vTaskSwitchContext
 .text.vTaskPlaceOnEventList
                0x0000000020008540       0x98 CMakeFiles/picoprobe.dir/freertos/tasks.c.obj
                0x0000000020008540                vTaskPlaceOnEventList
 .text.vTaskPlaceOnUnorderedEventList
                0x00000000200085d8       0xbc CMakeFiles/picoprobe.dir/freertos/tasks.c.obj
                0x00000000200085d8                vTaskPlaceOnUnorderedEventList
 .text.vTaskPlaceOnEventListRestricted
                0x0000000020008694       0xc4 CMakeFiles/picoprobe.dir/freertos/tasks.c.obj
                0x0000000020008694                vTaskPlaceOnEventListRestricted
 .text.xTaskRemoveFromEventList
                0x0000000020008758       0xd8 CMakeFiles/picoprobe.dir/freertos/tasks.c.obj
                0x0000000020008758                xTaskRemoveFromEventList
 .text.vTaskRemoveFromUnorderedEventList
                0x0000000020008830       0x98 CMakeFiles/picoprobe.dir/freertos/tasks.c.obj
                0x0000000020008830                vTaskRemoveFromUnorderedEventList
 .text.vTaskInternalSetTimeOutState
                0x00000000200088c8       0x18 CMakeFiles/picoprobe.dir/freertos/tasks.c.obj
                0x00000000200088c8                vTaskInternalSetTimeOutState
 .text.xTaskCheckForTimeOut
                0x00000000200088e0       0x74 CMakeFiles/picoprobe.dir/freertos/tasks.c.obj
                0x00000000200088e0                xTaskCheckForTimeOut
 .text.vTaskMissedYield
                0x0000000020008954        0xc CMakeFiles/picoprobe.dir/freertos/tasks.c.obj
                0x0000000020008954                vTaskMissedYield
 .text.xTaskGetCurrentTaskHandle
                0x0000000020008960        0xc CMakeFiles/picoprobe.dir/freertos/tasks.c.obj
                0x0000000020008960                xTaskGetCurrentTaskHandle
 .text.xTaskPriorityDisinherit
                0x000000002000896c       0x64 CMakeFiles/picoprobe.dir/freertos/tasks.c.obj
                0x000000002000896c                xTaskPriorityDisinherit
 .text.uxTaskResetEventItemValue
                0x00000000200089d0       0x18 CMakeFiles/picoprobe.dir/freertos/tasks.c.obj
                0x00000000200089d0                uxTaskResetEventItemValue
 .text.prvTimerTask
                0x00000000200089e8      0x360 CMakeFiles/picoprobe.dir/freertos/timers.c.obj
 .text.xTimerCreateTimerTask
                0x0000000020008d48       0x8c CMakeFiles/picoprobe.dir/freertos/timers.c.obj
                0x0000000020008d48                xTimerCreateTimerTask
 .text.xTimerPendFunctionCallFromISR
                0x0000000020008dd4       0x28 CMakeFiles/picoprobe.dir/freertos/timers.c.obj
                0x0000000020008dd4                xTimerPendFunctionCallFromISR
 .text.exception_set_exclusive_handler
                0x0000000020008dfc       0x48 CMakeFiles/picoprobe.dir/Users/marcelochsendorf/Downloads/WordClock/src/base/pico-sdk/src/rp2_common/hardware_exception/exception.c.obj
                0x0000000020008dfc                exception_set_exclusive_handler
 .text.pvPortMalloc
                0x0000000020008e44       0x80 CMakeFiles/picoprobe.dir/freertos/portable/MemMang/heap_1.c.obj
                0x0000000020008e44                pvPortMalloc
 .text.vPortFree
                0x0000000020008ec4        0x4 CMakeFiles/picoprobe.dir/freertos/portable/MemMang/heap_1.c.obj
                0x0000000020008ec4                vPortFree
 .text          0x0000000020008ec8        0x4 /opt/homebrew/Cellar/arm-none-eabi-gcc/10.3-2021.07/gcc/bin/../lib/gcc/arm-none-eabi/10.3.1/thumb/v6-m/nofp/libgcc.a(_dvmd_tls.o)
                0x0000000020008ec8                __aeabi_ldiv0
                0x0000000020008ec8                __aeabi_idiv0
 .text.strlen   0x0000000020008ecc       0x5c /opt/homebrew/Cellar/arm-none-eabi-gcc/10.3-2021.07/gcc/bin/../lib/gcc/arm-none-eabi/10.3.1/../../../../arm-none-eabi/lib/thumb/v6-m/nofp/libc.a(lib_a-strlen-stub.o)
                0x0000000020008ecc                strlen
 *(.fini)
 .fini          0x0000000020008f28        0x4 /opt/homebrew/Cellar/arm-none-eabi-gcc/10.3-2021.07/gcc/bin/../lib/gcc/arm-none-eabi/10.3.1/thumb/v6-m/nofp/crti.o
                0x0000000020008f28                _fini
 *fill*         0x0000000020008f2c        0x4 
 .fini.__stub   0x0000000020008f30       0x10 linker stubs
 *crtbegin.o(.ctors)
 *crtbegin?.o(.ctors)
 *(EXCLUDE_FILE(*crtend.o *crtend?.o) .ctors)
 *(SORT_BY_NAME(.ctors.*))
 *(.ctors)
 *crtbegin.o(.dtors)
 *crtbegin?.o(.dtors)
 *(EXCLUDE_FILE(*crtend.o *crtend?.o) .dtors)
 *(SORT_BY_NAME(.dtors.*))
 *(.dtors)
 *(.eh_frame*)
 .eh_frame      0x0000000020008f40        0x0 /opt/homebrew/Cellar/arm-none-eabi-gcc/10.3-2021.07/gcc/bin/../lib/gcc/arm-none-eabi/10.3.1/thumb/v6-m/nofp/crtbegin.o
                0x0000000020008f40                . = ALIGN (0x4)
                0x0000000020008f40                __ram_text_end__ = .
                0x0000000010000304                __ram_text_source__ = LOADADDR (.text)

.glue_7         0x0000000020008f40        0x0 load address 0x0000000010009184
 .glue_7        0x0000000020008f40        0x0 linker stubs

.glue_7t        0x0000000020008f40        0x0 load address 0x0000000010009184
 .glue_7t       0x0000000020008f40        0x0 linker stubs

.vfp11_veneer   0x0000000020008f40        0x0 load address 0x0000000010009184
 .vfp11_veneer  0x0000000020008f40        0x0 linker stubs

.v4_bx          0x0000000020008f40        0x0 load address 0x0000000010009184
 .v4_bx         0x0000000020008f40        0x0 linker stubs

.iplt           0x0000000020008f40        0x0 load address 0x0000000010009184
 .iplt          0x0000000020008f40        0x0 /opt/homebrew/Cellar/arm-none-eabi-gcc/10.3-2021.07/gcc/bin/../lib/gcc/arm-none-eabi/10.3.1/thumb/v6-m/nofp/crtbegin.o

.rel.dyn        0x0000000020008f40        0x0 load address 0x0000000010009184
 .rel.iplt      0x0000000020008f40        0x0 /opt/homebrew/Cellar/arm-none-eabi-gcc/10.3-2021.07/gcc/bin/../lib/gcc/arm-none-eabi/10.3.1/thumb/v6-m/nofp/crtbegin.o

.data           0x0000000020008f40      0x914 load address 0x0000000010009184
                0x0000000020008f40                __data_start__ = .
 *(vtable)
 *(.time_critical*)
 .time_critical.mutex_enter_blocking
                0x0000000020008f40       0x3c CMakeFiles/picoprobe.dir/Users/marcelochsendorf/Downloads/WordClock/src/base/pico-sdk/src/common/pico_sync/mutex.c.obj
                0x0000000020008f40                mutex_enter_blocking
 .time_critical.mutex_try_enter
                0x0000000020008f7c       0x44 CMakeFiles/picoprobe.dir/Users/marcelochsendorf/Downloads/WordClock/src/base/pico-sdk/src/common/pico_sync/mutex.c.obj
                0x0000000020008f7c                mutex_try_enter
 .time_critical.mutex_enter_timeout_ms
                0x0000000020008fc0       0x88 CMakeFiles/picoprobe.dir/Users/marcelochsendorf/Downloads/WordClock/src/base/pico-sdk/src/common/pico_sync/mutex.c.obj
                0x0000000020008fc0                mutex_enter_timeout_ms
 .time_critical.mutex_exit
                0x0000000020009048       0x20 CMakeFiles/picoprobe.dir/Users/marcelochsendorf/Downloads/WordClock/src/base/pico-sdk/src/common/pico_sync/mutex.c.obj
                0x0000000020009048                mutex_exit
 .time_critical.flash_init_boot2_copyout
                0x0000000020009068       0x30 CMakeFiles/picoprobe.dir/Users/marcelochsendorf/Downloads/WordClock/src/base/pico-sdk/src/rp2_common/hardware_flash/flash.c.obj
 .time_critical.flash_enable_xip_via_boot2
                0x0000000020009098       0x10 CMakeFiles/picoprobe.dir/Users/marcelochsendorf/Downloads/WordClock/src/base/pico-sdk/src/rp2_common/hardware_flash/flash.c.obj
 .time_critical.flash_cs_force
                0x00000000200090a8       0x38 CMakeFiles/picoprobe.dir/Users/marcelochsendorf/Downloads/WordClock/src/base/pico-sdk/src/rp2_common/hardware_flash/flash.c.obj
 .time_critical.flash_do_cmd
                0x00000000200090e0       0xc4 CMakeFiles/picoprobe.dir/Users/marcelochsendorf/Downloads/WordClock/src/base/pico-sdk/src/rp2_common/hardware_flash/flash.c.obj
                0x00000000200090e0                flash_do_cmd
                0x00000000200091a4                . = ALIGN (0x4)
 *(.rodata*)
 .rodata.main.str1.4
                0x00000000200091a4        0xc CMakeFiles/picoprobe.dir/src/main.c.obj
                                         0x10 (size before relaxing)
 .rodata.vApplicationStackOverflowHook.str1.4
                0x00000000200091b0       0x2e CMakeFiles/picoprobe.dir/src/main.c.obj
 *fill*         0x00000000200091de        0x2 
 .rodata.vApplicationMallocFailedHook.str1.4
                0x00000000200091e0        0xf CMakeFiles/picoprobe.dir/src/main.c.obj
 *fill*         0x00000000200091ef        0x1 
 .rodata.str1.4
                0x00000000200091f0       0x6b CMakeFiles/picoprobe.dir/src/usb_descriptors.c.obj
 *fill*         0x000000002000925b        0x1 
 .rodata.__compound_literal.0
                0x000000002000925c        0x2 CMakeFiles/picoprobe.dir/src/usb_descriptors.c.obj
 *fill*         0x000000002000925e        0x2 
 .rodata.desc_bos
                0x0000000020009260       0x21 CMakeFiles/picoprobe.dir/src/usb_descriptors.c.obj
                0x0000000020009260                desc_bos
 *fill*         0x0000000020009281        0x3 
 .rodata.desc_configuration
                0x0000000020009284       0x62 CMakeFiles/picoprobe.dir/src/usb_descriptors.c.obj
                0x0000000020009284                desc_configuration
 *fill*         0x00000000200092e6        0x2 
 .rodata.desc_device
                0x00000000200092e8       0x12 CMakeFiles/picoprobe.dir/src/usb_descriptors.c.obj
                0x00000000200092e8                desc_device
 *fill*         0x00000000200092fa        0x2 
 .rodata.desc_hid_report
                0x00000000200092fc       0x22 CMakeFiles/picoprobe.dir/src/usb_descriptors.c.obj
 *fill*         0x000000002000931e        0x2 
 .rodata.desc_ms_os_20
                0x0000000020009320       0xb2 CMakeFiles/picoprobe.dir/src/usb_descriptors.c.obj
                0x0000000020009320                desc_ms_os_20
 *fill*         0x00000000200093d2        0x2 
 .rodata.probe_program
                0x00000000200093d4        0x6 CMakeFiles/picoprobe.dir/src/probe.c.obj
 *fill*         0x00000000200093da        0x2 
 .rodata.probe_program_instructions
                0x00000000200093dc       0x20 CMakeFiles/picoprobe.dir/src/probe.c.obj
 .rodata.DAP_ProcessCommand.str1.4
                0x00000000200093fc        0x6 CMakeFiles/picoprobe.dir/CMSIS_5/CMSIS/DAP/Firmware/Source/DAP.c.obj
 *fill*         0x0000000020009402        0x2 
 .rodata.DAP_ProcessCommand
                0x0000000020009404       0x78 CMakeFiles/picoprobe.dir/CMSIS_5/CMSIS/DAP/Firmware/Source/DAP.c.obj
 .rodata.spin_lock_claim_unused.str1.4
                0x000000002000947c       0x1b CMakeFiles/picoprobe.dir/Users/marcelochsendorf/Downloads/WordClock/src/base/pico-sdk/src/rp2_common/hardware_sync/sync.c.obj
 *fill*         0x0000000020009497        0x1 
 .rodata.hardware_alarm_claim.str1.4
                0x0000000020009498       0x22 CMakeFiles/picoprobe.dir/Users/marcelochsendorf/Downloads/WordClock/src/base/pico-sdk/src/rp2_common/hardware_timer/timer.c.obj
 *fill*         0x00000000200094ba        0x2 
 .rodata.panic.str1.4
                0x00000000200094bc       0x10 CMakeFiles/picoprobe.dir/Users/marcelochsendorf/Downloads/WordClock/src/base/pico-sdk/src/rp2_common/pico_runtime/runtime.c.obj
                                         0x12 (size before relaxing)
 .rodata.panic_unsupported.str1.4
                0x00000000200094cc        0xe CMakeFiles/picoprobe.dir/Users/marcelochsendorf/Downloads/WordClock/src/base/pico-sdk/src/rp2_common/pico_runtime/runtime.c.obj
 *fill*         0x00000000200094da        0x2 
 .rodata.hard_assertion_failure.str1.4
                0x00000000200094dc        0xc CMakeFiles/picoprobe.dir/Users/marcelochsendorf/Downloads/WordClock/src/base/pico-sdk/src/rp2_common/pico_runtime/runtime.c.obj
 .rodata.str1.4
                0x00000000200094e8       0x40 CMakeFiles/picoprobe.dir/Users/marcelochsendorf/Downloads/WordClock/src/base/pico-sdk/src/rp2_common/pico_standard_link/binary_info.c.obj
 .rodata.__bi_44
                0x0000000020009528        0xc CMakeFiles/picoprobe.dir/Users/marcelochsendorf/Downloads/WordClock/src/base/pico-sdk/src/rp2_common/pico_standard_link/binary_info.c.obj
 .rodata.__bi_75
                0x0000000020009534        0xc CMakeFiles/picoprobe.dir/Users/marcelochsendorf/Downloads/WordClock/src/base/pico-sdk/src/rp2_common/pico_standard_link/binary_info.c.obj
 .rodata.__bi_81
                0x0000000020009540        0xc CMakeFiles/picoprobe.dir/Users/marcelochsendorf/Downloads/WordClock/src/base/pico-sdk/src/rp2_common/pico_standard_link/binary_info.c.obj
 .rodata.crlf_str.0
                0x000000002000954c        0x2 CMakeFiles/picoprobe.dir/Users/marcelochsendorf/Downloads/WordClock/src/base/pico-sdk/src/rp2_common/pico_stdio/stdio.c.obj
 *fill*         0x000000002000954e        0x2 
 .rodata.dcd_rp2040_irq.str1.4
                0x0000000020009550       0x14 CMakeFiles/picoprobe.dir/Users/marcelochsendorf/Downloads/WordClock/src/base/pico-sdk/lib/tinyusb/src/portable/raspberrypi/rp2040/dcd_rp2040.c.obj
 .rodata._hw_endpoint_buffer_control_update32.part.0.isra.0.str1.4
                0x0000000020009564       0x1f CMakeFiles/picoprobe.dir/Users/marcelochsendorf/Downloads/WordClock/src/base/pico-sdk/lib/tinyusb/src/portable/raspberrypi/rp2040/rp2040_usb.c.obj
 *fill*         0x0000000020009583        0x1 
 .rodata.hw_endpoint_xfer_continue.str1.4
                0x0000000020009584       0x29 CMakeFiles/picoprobe.dir/Users/marcelochsendorf/Downloads/WordClock/src/base/pico-sdk/lib/tinyusb/src/portable/raspberrypi/rp2040/rp2040_usb.c.obj
 *fill*         0x00000000200095ad        0x3 
 .rodata.str1.4
                0x00000000200095b0        0x7 CMakeFiles/picoprobe.dir/Users/marcelochsendorf/Downloads/WordClock/src/base/pico-sdk/lib/tinyusb/src/portable/raspberrypi/rp2040/rp2040_usb.c.obj
 *fill*         0x00000000200095b7        0x1 
 .rodata.tud_task
                0x00000000200095b8       0x8c CMakeFiles/picoprobe.dir/Users/marcelochsendorf/Downloads/WordClock/src/base/pico-sdk/lib/tinyusb/src/device/usbd.c.obj
 .rodata._usbd_driver
                0x0000000020009644       0x48 CMakeFiles/picoprobe.dir/Users/marcelochsendorf/Downloads/WordClock/src/base/pico-sdk/lib/tinyusb/src/device/usbd.c.obj
 .rodata.hidd_control_xfer_cb
                0x000000002000968c       0x30 CMakeFiles/picoprobe.dir/Users/marcelochsendorf/Downloads/WordClock/src/base/pico-sdk/lib/tinyusb/src/class/hid/hid_device.c.obj
 .rodata.str1.4
                0x00000000200096bc        0x4 CMakeFiles/picoprobe.dir/Users/marcelochsendorf/Downloads/WordClock/src/base/pico-sdk/lib/tinyusb/hw/bsp/rp2040/family.c.obj
 .rodata.__bi_121.0
                0x00000000200096c0        0xc CMakeFiles/picoprobe.dir/Users/marcelochsendorf/Downloads/WordClock/src/base/pico-sdk/lib/tinyusb/hw/bsp/rp2040/family.c.obj
 .rodata.__bi_131.1
                0x00000000200096cc        0x8 CMakeFiles/picoprobe.dir/Users/marcelochsendorf/Downloads/WordClock/src/base/pico-sdk/lib/tinyusb/hw/bsp/rp2040/family.c.obj
 .rodata.pio_add_program.str1.4
                0x00000000200096d4       0x11 CMakeFiles/picoprobe.dir/Users/marcelochsendorf/Downloads/WordClock/src/base/pico-sdk/src/rp2_common/hardware_pio/pio.c.obj
 *fill*         0x00000000200096e5        0x3 
 .rodata.prvTimerTask
                0x00000000200096e8       0x28 CMakeFiles/picoprobe.dir/freertos/timers.c.obj
 .rodata.xTimerCreateTimerTask.str1.4
                0x0000000020009710       0x10 CMakeFiles/picoprobe.dir/freertos/timers.c.obj
                0x0000000020009720                . = ALIGN (0x4)
 *(.data*)
 .data.string_desc_arr
                0x0000000020009720       0x1c CMakeFiles/picoprobe.dir/src/usb_descriptors.c.obj
                0x0000000020009720                string_desc_arr
 .data.interval
                0x000000002000973c        0x4 CMakeFiles/picoprobe.dir/src/cdc_uart.c.obj
                0x000000002000973c                interval
 .data.striped_spin_lock_num
                0x0000000020009740        0x1 CMakeFiles/picoprobe.dir/Users/marcelochsendorf/Downloads/WordClock/src/base/pico-sdk/src/rp2_common/hardware_sync/sync.c.obj
 *fill*         0x0000000020009741        0x3 
 .data.default_alarm_pool
                0x0000000020009744       0x18 CMakeFiles/picoprobe.dir/Users/marcelochsendorf/Downloads/WordClock/src/base/pico-sdk/src/common/pico_time/time.c.obj
 .data.default_alarm_pool_heap
                0x000000002000975c       0x10 CMakeFiles/picoprobe.dir/Users/marcelochsendorf/Downloads/WordClock/src/base/pico-sdk/src/common/pico_time/time.c.obj
 .data          0x000000002000976c       0x48 CMakeFiles/picoprobe.dir/Users/marcelochsendorf/Downloads/WordClock/src/base/pico-sdk/src/rp2_common/hardware_irq/irq_handler_chain.S.obj
                0x000000002000976c                irq_handler_chain_slots
                0x000000002000979c                irq_handler_chain_first_slot
                0x00000000200097a6                irq_handler_chain_remove_tail
 *fill*         0x00000000200097b4        0xc 
 .data.aeabi_bits_funcs
                0x00000000200097c0       0x10 CMakeFiles/picoprobe.dir/Users/marcelochsendorf/Downloads/WordClock/src/base/pico-sdk/src/rp2_common/pico_bit_ops/bit_ops_aeabi.S.obj
                0x00000000200097c0                aeabi_bits_funcs
                0x00000000200097d0                aeabi_bits_funcs_end
 .data.aeabi_mem_funcs
                0x00000000200097d0       0x10 CMakeFiles/picoprobe.dir/Users/marcelochsendorf/Downloads/WordClock/src/base/pico-sdk/src/rp2_common/pico_mem_ops/mem_ops_aeabi.S.obj
                0x00000000200097d0                aeabi_mem_funcs
                0x00000000200097e0                aeabi_mem_funcs_end
 .data.stdio_uart
                0x00000000200097e0       0x14 CMakeFiles/picoprobe.dir/Users/marcelochsendorf/Downloads/WordClock/src/base/pico-sdk/src/rp2_common/pico_stdio_uart/stdio_uart.c.obj
                0x00000000200097e0                stdio_uart
 .data.ep_dir_string
                0x00000000200097f4        0x8 CMakeFiles/picoprobe.dir/Users/marcelochsendorf/Downloads/WordClock/src/base/pico-sdk/lib/tinyusb/src/portable/raspberrypi/rp2040/rp2040_usb.c.obj
                0x00000000200097f4                ep_dir_string
 .data._usbd_qdef
                0x00000000200097fc       0x24 CMakeFiles/picoprobe.dir/Users/marcelochsendorf/Downloads/WordClock/src/base/pico-sdk/lib/tinyusb/src/device/usbd.c.obj
                0x00000000200097fc                _usbd_qdef
 .data.ucLaunchCoreNum
                0x0000000020009820        0x1 CMakeFiles/picoprobe.dir/freertos/portable/ThirdParty/GCC/RP2040/port.c.obj
 *fill*         0x0000000020009821        0x3 
 .data.uxTopUsedPriority
                0x0000000020009824        0x4 CMakeFiles/picoprobe.dir/freertos/tasks.c.obj
                0x0000000020009824                uxTopUsedPriority
                0x0000000020009828                . = ALIGN (0x4)
 *(.after_data.*)
                0x0000000020009828                . = ALIGN (0x4)
                0x0000000020009828                PROVIDE (__mutex_array_start = .)
 *(SORT_BY_NAME(.mutex_array.*))
 *(.mutex_array)
 .mutex_array   0x0000000020009828        0x8 CMakeFiles/picoprobe.dir/Users/marcelochsendorf/Downloads/WordClock/src/base/pico-sdk/src/rp2_common/pico_malloc/pico_malloc.c.obj
 .mutex_array   0x0000000020009830        0x8 CMakeFiles/picoprobe.dir/Users/marcelochsendorf/Downloads/WordClock/src/base/pico-sdk/src/rp2_common/pico_stdio/stdio.c.obj
                0x0000000020009838                PROVIDE (__mutex_array_end = .)
                0x0000000020009838                . = ALIGN (0x4)
                0x0000000020009838                PROVIDE (__preinit_array_start = .)
 *(SORT_BY_NAME(.preinit_array.*))
 .preinit_array.00001
                0x0000000020009838        0x4 CMakeFiles/picoprobe.dir/Users/marcelochsendorf/Downloads/WordClock/src/base/pico-sdk/src/rp2_common/pico_mem_ops/mem_ops_aeabi.S.obj
 .preinit_array.00010
                0x000000002000983c        0x4 CMakeFiles/picoprobe.dir/Users/marcelochsendorf/Downloads/WordClock/src/base/pico-sdk/src/rp2_common/pico_bit_ops/bit_ops_aeabi.S.obj
 .preinit_array.00020
                0x0000000020009840        0x4 CMakeFiles/picoprobe.dir/Users/marcelochsendorf/Downloads/WordClock/src/base/pico-sdk/src/rp2_common/pico_double/double_aeabi.S.obj
 .preinit_array.00020
                0x0000000020009844        0x4 CMakeFiles/picoprobe.dir/Users/marcelochsendorf/Downloads/WordClock/src/base/pico-sdk/src/rp2_common/pico_float/float_aeabi.S.obj
 *(.preinit_array)
                0x0000000020009848                PROVIDE (__preinit_array_end = .)
                0x0000000020009848                . = ALIGN (0x4)
                0x0000000020009848                PROVIDE (__init_array_start = .)
 *(SORT_BY_NAME(.init_array.*))
 *(.init_array)
 .init_array    0x0000000020009848        0x4 /opt/homebrew/Cellar/arm-none-eabi-gcc/10.3-2021.07/gcc/bin/../lib/gcc/arm-none-eabi/10.3.1/thumb/v6-m/nofp/crtbegin.o
 .init_array    0x000000002000984c        0x4 CMakeFiles/picoprobe.dir/Users/marcelochsendorf/Downloads/WordClock/src/base/pico-sdk/src/rp2_common/pico_unique_id/unique_id.c.obj
 .init_array    0x0000000020009850        0x4 CMakeFiles/picoprobe.dir/freertos/portable/ThirdParty/GCC/RP2040/port.c.obj
                0x0000000020009854                PROVIDE (__init_array_end = .)
                0x0000000020009854                . = ALIGN (0x4)
                [!provide]                        PROVIDE (__fini_array_start = .)
 *(SORT_BY_NAME(.fini_array.*))
 *(.fini_array)
                [!provide]                        PROVIDE (__fini_array_end = .)
 *(.jcr)
                0x0000000020009854                . = ALIGN (0x4)
                0x0000000020009854                __data_end__ = .
                0x0000000010009184                __etext = LOADADDR (.data)

.igot.plt       0x0000000020009854        0x0 load address 0x0000000010009a98
 .igot.plt      0x0000000020009854        0x0 /opt/homebrew/Cellar/arm-none-eabi-gcc/10.3-2021.07/gcc/bin/../lib/gcc/arm-none-eabi/10.3.1/thumb/v6-m/nofp/crtbegin.o

.uninitialized_data
                0x0000000020009854        0x0 load address 0x0000000010009a98
                0x0000000020009854                . = ALIGN (0x4)
 *(.uninitialized_data*)

.scratch_x      0x0000000020040000        0x0 load address 0x0000000010009a98
                0x0000000020040000                __scratch_x_start__ = .
 *(.scratch_x.*)
                0x0000000020040000                . = ALIGN (0x4)