
Memory Configuration

Name             Origin             Length             Attributes
SRAM             0x0000000020041f00 0x00000000000000fc xr
*default*        0x0000000000000000 0xffffffffffffffff

Linker script and memory map

                0x0000000020041f00                . = ORIGIN (SRAM)

.text           0x0000000020041f00       0x4c
 *(.entry)
 *(.text)
 .text          0x0000000020041f00       0x4c CMakeFiles/bs2_default.dir/compile_time_choice.S.obj
                0x0000000020041f00                _stage2_boot
                0x0000000020041f34                literals
LOAD CMakeFiles/bs2_default.dir/compile_time_choice.S.obj
START GROUP
LOAD /usr/local/Cellar/arm-none-eabi-gcc/10.3-2021.07/gcc/bin/../lib/gcc/arm-none-eabi/10.3.1/thumb/v6-m/nofp/libgcc.a
LOAD /usr/local/Cellar/arm-none-eabi-gcc/10.3-2021.07/gcc/bin/../lib/gcc/arm-none-eabi/10.3.1/../../../../arm-none-eabi/lib/thumb/v6-m/nofp/libc.a
END GROUP
START GROUP
LOAD /usr/local/Cellar/arm-none-eabi-gcc/10.3-2021.07/gcc/bin/../lib/gcc/arm-none-eabi/10.3.1/thumb/v6-m/nofp/libgcc.a
LOAD /usr/local/Cellar/arm-none-eabi-gcc/10.3-2021.07/gcc/bin/../lib/gcc/arm-none-eabi/10.3.1/../../../../arm-none-eabi/lib/thumb/v6-m/nofp/libc.a
LOAD /usr/local/Cellar/arm-none-eabi-gcc/10.3-2021.07/gcc/bin/../lib/gcc/arm-none-eabi/10.3.1/../../../../arm-none-eabi/lib/thumb/v6-m/nofp/libnosys.a
END GROUP
OUTPUT(bs2_default.elf elf32-littlearm)
LOAD linker stubs

.data           0x0000000020041f4c        0x0
 .data          0x0000000020041f4c        0x0 CMakeFiles/bs2_default.dir/compile_time_choice.S.obj

.glue_7         0x0000000020041f4c        0x0
 .glue_7        0x0000000020041f4c        0x0 linker stubs

.glue_7t        0x0000000020041f4c        0x0
 .glue_7t       0x0000000020041f4c        0x0 linker stubs

.vfp11_veneer   0x0000000020041f4c        0x0
 .vfp11_veneer  0x0000000020041f4c        0x0 linker stubs

.v4_bx          0x0000000020041f4c        0x0
 .v4_bx         0x0000000020041f4c        0x0 linker stubs

.bss            0x0000000020041f4c        0x0
 .bss           0x0000000020041f4c        0x0 CMakeFiles/bs2_default.dir/compile_time_choice.S.obj

.ARM.attributes
                0x0000000000000000       0x21
 .ARM.attributes
                0x0000000000000000       0x21 CMakeFiles/bs2_default.dir/compile_time_choice.S.obj
